Archive member included to satisfy reference by file (symbol)

/home/arduino/ArduinoApps/MarineSentinel_v1/firmware/.cache/sketch/core/core.a(WInterrupts.cpp.o)
                              /home/arduino/ArduinoApps/MarineSentinel_v1/firmware/.cache/sketch/libraries/OneWire/OneWire.cpp.o (interrupts())
/home/arduino/ArduinoApps/MarineSentinel_v1/firmware/.cache/sketch/core/core.a(Print.cpp.o)
                              /home/arduino/ArduinoApps/MarineSentinel_v1/firmware/.cache/sketch/sketch/sketch.ino.cpp.o (arduino::Print::print(char const*))
/home/arduino/ArduinoApps/MarineSentinel_v1/firmware/.cache/sketch/core/core.a(Stream.cpp.o)
                              /home/arduino/ArduinoApps/MarineSentinel_v1/firmware/.cache/sketch/sketch/sketch.ino.cpp.o (arduino::Stream::setTimeout(unsigned long))
/home/arduino/ArduinoApps/MarineSentinel_v1/firmware/.cache/sketch/core/core.a(String.cpp.o)
                              /home/arduino/ArduinoApps/MarineSentinel_v1/firmware/.cache/sketch/sketch/sketch.ino.cpp.o (arduino::String::String(arduino::String&&))
/home/arduino/ArduinoApps/MarineSentinel_v1/firmware/.cache/sketch/core/core.a(itoa.cpp.o)
                              /home/arduino/ArduinoApps/MarineSentinel_v1/firmware/.cache/sketch/core/core.a(String.cpp.o) (dtostrf)
/home/arduino/ArduinoApps/MarineSentinel_v1/firmware/.cache/sketch/core/core.a(llext_wrappers.c.o)
                              /home/arduino/ArduinoApps/MarineSentinel_v1/firmware/.cache/sketch/sketch/sketch.ino.cpp.o (memcpy)
/home/arduino/ArduinoApps/MarineSentinel_v1/firmware/.cache/sketch/core/core.a(main.cpp.o)
                              (main)
/home/arduino/ArduinoApps/MarineSentinel_v1/firmware/.cache/sketch/core/core.a(new.cpp.o)
                              /home/arduino/ArduinoApps/MarineSentinel_v1/firmware/.cache/sketch/sketch/sketch.ino.cpp.o (operator new(unsigned int))
/home/arduino/ArduinoApps/MarineSentinel_v1/firmware/.cache/sketch/core/core.a(threads.cpp.o)
                              /home/arduino/ArduinoApps/MarineSentinel_v1/firmware/.cache/sketch/core/core.a(main.cpp.o) (start_static_threads())
/home/arduino/ArduinoApps/MarineSentinel_v1/firmware/.cache/sketch/core/core.a(wiring_analog.cpp.o)
                              /home/arduino/ArduinoApps/MarineSentinel_v1/firmware/.cache/sketch/sketch/sketch.ino.cpp.o (analogRead)
/home/arduino/ArduinoApps/MarineSentinel_v1/firmware/.cache/sketch/core/core.a(wiring_digital.cpp.o)
                              /home/arduino/ArduinoApps/MarineSentinel_v1/firmware/.cache/sketch/sketch/sketch.ino.cpp.o (pinMode)
/home/arduino/ArduinoApps/MarineSentinel_v1/firmware/.cache/sketch/core/core.a(zephyrCommon.cpp.o)
                              /home/arduino/ArduinoApps/MarineSentinel_v1/firmware/.cache/sketch/libraries/DallasTemperature/DallasTemperature.cpp.o (yield)
/home/arduino/ArduinoApps/MarineSentinel_v1/firmware/.cache/sketch/core/core.a(zephyrPinctrl.cpp.o)
                              /home/arduino/ArduinoApps/MarineSentinel_v1/firmware/.cache/sketch/core/core.a(wiring_analog.cpp.o) (zephyr::arduino::init_dev_apply_channel_pinctrl(device const*, unsigned int))
/home/arduino/ArduinoApps/MarineSentinel_v1/firmware/.cache/sketch/core/core.a(zephyrSerial.cpp.o)
                              /home/arduino/ArduinoApps/MarineSentinel_v1/firmware/.cache/sketch/sketch/sketch.ino.cpp.o (arduino::ZephyrSerial::read())
/home/arduino/ArduinoApps/MarineSentinel_v1/firmware/.cache/sketch/core/core.a(Common.cpp.o)
                              /home/arduino/ArduinoApps/MarineSentinel_v1/firmware/.cache/sketch/core/core.a(wiring_analog.cpp.o) (map(long, long, long, long, long))
/home/arduino/.arduino15/packages/zephyr/tools/arm-zephyr-eabi/0.16.8/bin/../lib/gcc/arm-zephyr-eabi/12.2.0/../../../../arm-zephyr-eabi/lib/thumb/v8-m.main+fp/hard/libstdc++_nano.a(functexcept.o)
                              /home/arduino/ArduinoApps/MarineSentinel_v1/firmware/.cache/sketch/sketch/sketch.ino.cpp.o (std::__throw_bad_alloc())
/home/arduino/.arduino15/packages/zephyr/tools/arm-zephyr-eabi/0.16.8/bin/../lib/gcc/arm-zephyr-eabi/12.2.0/../../../../arm-zephyr-eabi/lib/thumb/v8-m.main+fp/hard/libstdc++_nano.a(functional.o)
                              /home/arduino/ArduinoApps/MarineSentinel_v1/firmware/.cache/sketch/sketch/sketch.ino.cpp.o (std::__throw_bad_function_call())
/home/arduino/.arduino15/packages/zephyr/tools/arm-zephyr-eabi/0.16.8/bin/../lib/gcc/arm-zephyr-eabi/12.2.0/../../../../arm-zephyr-eabi/lib/thumb/v8-m.main+fp/hard/libstdc++_nano.a(eh_exception.o)
                              /home/arduino/.arduino15/packages/zephyr/tools/arm-zephyr-eabi/0.16.8/bin/../lib/gcc/arm-zephyr-eabi/12.2.0/../../../../arm-zephyr-eabi/lib/thumb/v8-m.main+fp/hard/libstdc++_nano.a(functional.o) (std::exception::~exception())
[...]
Memory Configuration

Name             Origin             Length             Attributes
*default*        0x0000000000000000 0xffffffffffffffff

Linker script and memory map

LOAD /home/arduino/.arduino15/packages/zephyr/tools/arm-zephyr-eabi/0.16.8/bin/../lib/gcc/arm-zephyr-eabi/12.2.0/../../../../arm-zephyr-eabi/lib/thumb/v8-m.main+fp/hard/libstdc++_nano.a
LOAD /home/arduino/.arduino15/packages/zephyr/tools/arm-zephyr-eabi/0.16.8/bin/../lib/gcc/arm-zephyr-eabi/12.2.0/../../../../arm-zephyr-eabi/lib/thumb/v8-m.main+fp/hard/libsupc++_nano.a
LOAD /home/arduino/.arduino15/packages/zephyr/tools/arm-zephyr-eabi/0.16.8/bin/../lib/gcc/arm-zephyr-eabi/12.2.0/../../../../arm-zephyr-eabi/lib/thumb/v8-m.main+fp/hard/libnosys.a
LOAD /home/arduino/ArduinoApps/MarineSentinel_v1/firmware/.cache/sketch/sketch/sketch.ino.cpp.o
LOAD /home/arduino/ArduinoApps/MarineSentinel_v1/firmware/.cache/sketch/libraries/Wire/Wire.cpp.o
LOAD /home/arduino/ArduinoApps/MarineSentinel_v1/firmware/.cache/sketch/libraries/Arduino_RouterBridge/singletons.cpp.o
LOAD /home/arduino/ArduinoApps/MarineSentinel_v1/firmware/.cache/sketch/libraries/OneWire/OneWire.cpp.o
LOAD /home/arduino/ArduinoApps/MarineSentinel_v1/firmware/.cache/sketch/libraries/DallasTemperature/DallasTemperature.cpp.o
LOAD /home/arduino/ArduinoApps/MarineSentinel_v1/firmware/.cache/sketch/libraries/MPU6050_light/MPU6050_light.cpp.o
LOAD /home/arduino/ArduinoApps/MarineSentinel_v1/firmware/.cache/sketch/libraries/TinyGPSPlus/TinyGPS++.cpp.o
LOAD /home/arduino/ArduinoApps/MarineSentinel_v1/firmware/.cache/sketch/core/analogReference.cpp.o
LOAD /home/arduino/ArduinoApps/MarineSentinel_v1/firmware/.cache/sketch/core/tls-syms.S.o
START GROUP
LOAD /home/arduino/ArduinoApps/MarineSentinel_v1/firmware/.cache/sketch/core/core.a
LOAD /home/arduino/.arduino15/packages/zephyr/tools/arm-zephyr-eabi/0.16.8/bin/../lib/gcc/arm-zephyr-eabi/12.2.0/../../../../arm-zephyr-eabi/lib/thumb/v8-m.main+fp/hard/libstdc++_nano.a
LOAD /home/arduino/.arduino15/packages/zephyr/tools/arm-zephyr-eabi/0.16.8/bin/../lib/gcc/arm-zephyr-eabi/12.2.0/../../../../arm-zephyr-eabi/lib/thumb/v8-m.main+fp/hard/libsupc++_nano.a
LOAD /home/arduino/.arduino15/packages/zephyr/tools/arm-zephyr-eabi/0.16.8/bin/../lib/gcc/arm-zephyr-eabi/12.2.0/../../../../arm-zephyr-eabi/lib/thumb/v8-m.main+fp/hard/libm_nano.a
END GROUP

.rodata         0x0000000000000000      0x578
 *(.rodata._ZN12_GLOBAL__N_1L11arduino_adcE)
 .rodata._ZN12_GLOBAL__N_1L11arduino_adcE
                0x0000000000000000       0x60 /home/arduino/ArduinoApps/MarineSentinel_v1/firmware/.cache/sketch/core/core.a(wiring_analog.cpp.o)
 *(.rodata._ZN6zephyr7arduinoL11pinctrl_mapE)
 .rodata._ZN6zephyr7arduinoL11pinctrl_mapE
                0x0000000000000060       0x88 /home/arduino/ArduinoApps/MarineSentinel_v1/firmware/.cache/sketch/core/core.a(zephyrPinctrl.cpp.o)
 *(.rodata._ZN6zephyr7arduinoL12arduino_pinsE)
 .rodata._ZN6zephyr7arduinoL12arduino_pinsE
                0x00000000000000e8      0x230 /home/arduino/ArduinoApps/MarineSentinel_v1/firmware/.cache/sketch/core/core.a(wiring_digital.cpp.o)
 *(.rodata._ZN6zephyr7arduinoL35__pinctrl_states__device_dts_ord_17E)
 .rodata._ZN6zephyr7arduinoL35__pinctrl_states__device_dts_ord_17E
                0x0000000000000318       0x18 /home/arduino/ArduinoApps/MarineSentinel_v1/firmware/.cache/sketch/core/core.a(zephyrPinctrl.cpp.o)
 *(.rodata._ZN6zephyr7arduinoL35__pinctrl_states__device_dts_ord_25E)
 .rodata._ZN6zephyr7arduinoL35__pinctrl_states__device_dts_ord_25E
                0x0000000000000330        0x8 /home/arduino/ArduinoApps/MarineSentinel_v1/firmware/.cache/sketch/core/core.a(zephyrPinctrl.cpp.o)
 *(.rodata._ZN6zephyr7arduinoL35__pinctrl_states__device_dts_ord_29E)
 .rodata._ZN6zephyr7arduinoL35__pinctrl_states__device_dts_ord_29E
                0x0000000000000338        0x8 /home/arduino/ArduinoApps/MarineSentinel_v1/firmware/.cache/sketch/core/core.a(zephyrPinctrl.cpp.o)
 *(.rodata._ZN6zephyr7arduinoL35__pinctrl_states__device_dts_ord_35E)
 .rodata._ZN6zephyr7arduinoL35__pinctrl_states__device_dts_ord_35E
                0x0000000000000340       0x10 /home/arduino/ArduinoApps/MarineSentinel_v1/firmware/.cache/sketch/core/core.a(zephyrPinctrl.cpp.o)
 *(.rodata._ZN6zephyr7arduinoL35__pinctrl_states__device_dts_ord_55E)
 .rodata._ZN6zephyr7arduinoL35__pinctrl_states__device_dts_ord_55E
                0x0000000000000350        0x8 /home/arduino/ArduinoApps/MarineSentinel_v1/firmware/.cache/sketch/core/core.a(zephyrPinctrl.cpp.o)
 *(.rodata._ZN6zephyr7arduinoL35__pinctrl_states__device_dts_ord_64E)
 .rodata._ZN6zephyr7arduinoL35__pinctrl_states__device_dts_ord_64E
                0x0000000000000358        0x8 /home/arduino/ArduinoApps/MarineSentinel_v1/firmware/.cache/sketch/core/core.a(zephyrPinctrl.cpp.o)
 *(.rodata._ZN6zephyr7arduinoL35__pinctrl_states__device_dts_ord_67E)
 .rodata._ZN6zephyr7arduinoL35__pinctrl_states__device_dts_ord_67E
                0x0000000000000360        0x8 /home/arduino/ArduinoApps/MarineSentinel_v1/firmware/.cache/sketch/core/core.a(zephyrPinctrl.cpp.o)
 *(.rodata._ZN6zephyr7arduinoL35__pinctrl_states__device_dts_ord_72E)
 .rodata._ZN6zephyr7arduinoL35__pinctrl_states__device_dts_ord_72E
                0x0000000000000368        0x8 /home/arduino/ArduinoApps/MarineSentinel_v1/firmware/.cache/sketch/core/core.a(zephyrPinctrl.cpp.o)
 *(.rodata._ZN6zephyr7arduinoL35__pinctrl_states__device_dts_ord_80E)
 .rodata._ZN6zephyr7arduinoL35__pinctrl_states__device_dts_ord_80E
                0x0000000000000370       0x10 /home/arduino/ArduinoApps/MarineSentinel_v1/firmware/.cache/sketch/core/core.a(zephyrPinctrl.cpp.o)
 *(.rodata._ZN6zephyr7arduinoL35__pinctrl_states__device_dts_ord_85E)
 .rodata._ZN6zephyr7arduinoL35__pinctrl_states__device_dts_ord_85E
                0x0000000000000380        0x8 /home/arduino/ArduinoApps/MarineSentinel_v1/firmware/.cache/sketch/core/core.a(zephyrPinctrl.cpp.o)
 *(.rodata._ZN6zephyr7arduinoL35__pinctrl_states__device_dts_ord_97E)
 .rodata._ZN6zephyr7arduinoL35__pinctrl_states__device_dts_ord_97E
                0x0000000000000388       0x18 /home/arduino/ArduinoApps/MarineSentinel_v1/firmware/.cache/sketch/core/core.a(zephyrPinctrl.cpp.o)
 *(.rodata._ZN6zephyr7arduinoL36__pinctrl_states__device_dts_ord_102E)
 .rodata._ZN6zephyr7arduinoL36__pinctrl_states__device_dts_ord_102E
                0x00000000000003a0       0x18 /home/arduino/ArduinoApps/MarineSentinel_v1/firmware/.cache/sketch/core/core.a(zephyrPinctrl.cpp.o)
 *(.rodata._ZN6zephyr7arduinoL36__pinctrl_states__device_dts_ord_106E)
 .rodata._ZN6zephyr7arduinoL36__pinctrl_states__device_dts_ord_106E
                0x00000000000003b8       0x18 /home/arduino/ArduinoApps/MarineSentinel_v1/firmware/.cache/sketch/core/core.a(zephyrPinctrl.cpp.o)
 *(.rodata._ZN6zephyr7arduinoL36__pinctrl_states__device_dts_ord_111E)
 .rodata._ZN6zephyr7arduinoL36__pinctrl_states__device_dts_ord_111E
                0x00000000000003d0       0x18 /home/arduino/ArduinoApps/MarineSentinel_v1/firmware/.cache/sketch/core/core.a(zephyrPinctrl.cpp.o)
 *(.rodata._ZN6zephyr7arduinoL36__pinctrl_states__device_dts_ord_117E)
 .rodata._ZN6zephyr7arduinoL36__pinctrl_states__device_dts_ord_117E
                0x00000000000003e8       0x18 /home/arduino/ArduinoApps/MarineSentinel_v1/firmware/.cache/sketch/core/core.a(zephyrPinctrl.cpp.o)
 *(.rodata._ZN6zephyr7arduinoL36__pinctrl_states__device_dts_ord_120E)
 .rodata._ZN6zephyr7arduinoL36__pinctrl_states__device_dts_ord_120E
                0x0000000000000400       0x18 /home/arduino/ArduinoApps/MarineSentinel_v1/firmware/.cache/sketch/core/core.a(zephyrPinctrl.cpp.o)
 *(.rodata._ZN6zephyr7arduinoL39__pinctrl_dev_config__device_dts_ord_17E)
 .rodata._ZN6zephyr7arduinoL39__pinctrl_dev_config__device_dts_ord_17E
                0x0000000000000418        0x8 /home/arduino/ArduinoApps/MarineSentinel_v1/firmware/.cache/sketch/core/core.a(zephyrPinctrl.cpp.o)
 *(.rodata._ZN6zephyr7arduinoL39__pinctrl_dev_config__device_dts_ord_25E)
 .rodata._ZN6zephyr7arduinoL39__pinctrl_dev_config__device_dts_ord_25E
                0x0000000000000420        0x8 /home/arduino/ArduinoApps/MarineSentinel_v1/firmware/.cache/sketch/core/core.a(zephyrPinctrl.cpp.o)
 *(.rodata._ZN6zephyr7arduinoL39__pinctrl_dev_config__device_dts_ord_29E)
 .rodata._ZN6zephyr7arduinoL39__pinctrl_dev_config__device_dts_ord_29E
                0x0000000000000428        0x8 /home/arduino/ArduinoApps/MarineSentinel_v1/firmware/.cache/sketch/core/core.a(zephyrPinctrl.cpp.o)
 *(.rodata._ZN6zephyr7arduinoL39__pinctrl_dev_config__device_dts_ord_35E)
 .rodata._ZN6zephyr7arduinoL39__pinctrl_dev_config__device_dts_ord_35E
                0x0000000000000430        0x8 /home/arduino/ArduinoApps/MarineSentinel_v1/firmware/.cache/sketch/core/core.a(zephyrPinctrl.cpp.o)
 *(.rodata._ZN6zephyr7arduinoL39__pinctrl_dev_config__device_dts_ord_55E)
 .rodata._ZN6zephyr7arduinoL39__pinctrl_dev_config__device_dts_ord_55E
                0x0000000000000438        0x8 /home/arduino/ArduinoApps/MarineSentinel_v1/firmware/.cache/sketch/core/core.a(zephyrPinctrl.cpp.o)
 *(.rodata._ZN6zephyr7arduinoL39__pinctrl_dev_config__device_dts_ord_64E)
 .rodata._ZN6zephyr7arduinoL39__pinctrl_dev_config__device_dts_ord_64E
                0x0000000000000440        0x8 /home/arduino/ArduinoApps/MarineSentinel_v1/firmware/.cache/sketch/core/core.a(zephyrPinctrl.cpp.o)
 *(.rodata._ZN6zephyr7arduinoL39__pinctrl_dev_config__device_dts_ord_67E)
 .rodata._ZN6zephyr7arduinoL39__pinctrl_dev_config__device_dts_ord_67E
                0x0000000000000448        0x8 /home/arduino/ArduinoApps/MarineSentinel_v1/firmware/.cache/sketch/core/core.a(zephyrPinctrl.cpp.o)
 *(.rodata._ZN6zephyr7arduinoL39__pinctrl_dev_config__device_dts_ord_72E)
 .rodata._ZN6zephyr7arduinoL39__pinctrl_dev_config__device_dts_ord_72E
                0x0000000000000450        0x8 /home/arduino/ArduinoApps/MarineSentinel_v1/firmware/.cache/sketch/core/core.a(zephyrPinctrl.cpp.o)
 *(.rodata._ZN6zephyr7arduinoL39__pinctrl_dev_config__device_dts_ord_80E)
 .rodata._ZN6zephyr7arduinoL39__pinctrl_dev_config__device_dts_ord_80E
                0x0000000000000458        0x8 /home/arduino/ArduinoApps/MarineSentinel_v1/firmware/.cache/sketch/core/core.a(zephyrPinctrl.cpp.o)
 *(.rodata._ZN6zephyr7arduinoL39__pinctrl_dev_config__device_dts_ord_85E)
 .rodata._ZN6zephyr7arduinoL39__pinctrl_dev_config__device_dts_ord_85E
                0x0000000000000460        0x8 /home/arduino/ArduinoApps/MarineSentinel_v1/firmware/.cache/sketch/core/core.a(zephyrPinctrl.cpp.o)
 *(.rodata._ZN6zephyr7arduinoL39__pinctrl_dev_config__device_dts_ord_97E)
 .rodata._ZN6zephyr7arduinoL39__pinctrl_dev_config__device_dts_ord_97E
                0x0000000000000468        0x8 /home/arduino/ArduinoApps/MarineSentinel_v1/firmware/.cache/sketch/core/core.a(zephyrPinctrl.cpp.o)
 *(.rodata._ZN6zephyr7arduinoL40__pinctrl_dev_config__device_dts_ord_102E)
 .rodata._ZN6zephyr7arduinoL40__pinctrl_dev_config__device_dts_ord_102E
                0x0000000000000470        0x8 /home/arduino/ArduinoApps/MarineSentinel_v1/firmware/.cache/sketch/core/core.a(zephyrPinctrl.cpp.o)
 *(.rodata._ZN6zephyr7arduinoL40__pinctrl_dev_config__device_dts_ord_106E)
 .rodata._ZN6zephyr7arduinoL40__pinctrl_dev_config__device_dts_ord_106E
                0x0000000000000478        0x8 /home/arduino/ArduinoApps/MarineSentinel_v1/firmware/.cache/sketch/core/core.a(zephyrPinctrl.cpp.o)
 *(.rodata._ZN6zephyr7arduinoL40__pinctrl_dev_config__device_dts_ord_111E)
 .rodata._ZN6zephyr7arduinoL40__pinctrl_dev_config__device_dts_ord_111E
                0x0000000000000480        0x8 /home/arduino/ArduinoApps/MarineSentinel_v1/firmware/.cache/sketch/core/core.a(zephyrPinctrl.cpp.o)
 *(.rodata._ZN6zephyr7arduinoL40__pinctrl_dev_config__device_dts_ord_117E)
 .rodata._ZN6zephyr7arduinoL40__pinctrl_dev_config__device_dts_ord_117E
                0x0000000000000488        0x8 /home/arduino/ArduinoApps/MarineSentinel_v1/firmware/.cache/sketch/core/core.a(zephyrPinctrl.cpp.o)
 *(.rodata._ZN6zephyr7arduinoL40__pinctrl_dev_config__device_dts_ord_120E)
 .rodata._ZN6zephyr7arduinoL40__pinctrl_dev_config__device_dts_ord_120E
                0x0000000000000490        0x8 /home/arduino/ArduinoApps/MarineSentinel_v1/firmware/.cache/sketch/core/core.a(zephyrPinctrl.cpp.o)
 *(.rodata._ZTV13BridgeMonitorILj512EE)
 .rodata._ZTV13BridgeMonitorILj512EE
                0x0000000000000498       0x24 /home/arduino/ArduinoApps/MarineSentinel_v1/firmware/.cache/sketch/libraries/Arduino_RouterBridge/singletons.cpp.o
                0x0000000000000498                vtable for BridgeMonitor<512u>
 *(.rodata._ZTV15SerialTransport)
 .rodata._ZTV15SerialTransport
                0x00000000000004bc       0x20 /home/arduino/ArduinoApps/MarineSentinel_v1/firmware/.cache/sketch/sketch/sketch.ino.cpp.o
                0x00000000000004bc                vtable for SerialTransport
 *(.rodata._ZTV18RpcFunctionWrapperISt8functionIFvbEEE)
 .rodata._ZTV18RpcFunctionWrapperISt8functionIFvbEEE
                0x00000000000004dc       0x14 /home/arduino/ArduinoApps/MarineSentinel_v1/firmware/.cache/sketch/sketch/sketch.ino.cpp.o
                0x00000000000004dc                vtable for RpcFunctionWrapper<std::function<void (bool)> >
 *(.rodata._ZTVN7arduino12ZephyrSerialE)
 .rodata._ZTVN7arduino12ZephyrSerialE
                0x00000000000004f0       0x34 /home/arduino/ArduinoApps/MarineSentinel_v1/firmware/.cache/sketch/core/core.a(zephyrSerial.cpp.o)
                0x00000000000004f0                vtable for arduino::ZephyrSerial
 *(.rodata._ZTVN7arduino9ZephyrI2CE)
 .rodata._ZTVN7arduino9ZephyrI2CE
                0x0000000000000524       0x54 /home/arduino/ArduinoApps/MarineSentinel_v1/firmware/.cache/sketch/libraries/Wire/Wire.cpp.o
                0x0000000000000524                vtable for arduino::ZephyrI2C

.llext.rodata.noreloc
                0x0000000000000578      0x68f
 *(.rodata.CSWTCH.356)
 .rodata.CSWTCH.356
                0x0000000000000578        0x6 /home/arduino/ArduinoApps/MarineSentinel_v1/firmware/.cache/sketch/libraries/DallasTemperature/DallasTemperature.cpp.o
 *(.rodata._Z8setAlertb.str1.1)
 .rodata._Z8setAlertb.str1.1
                0x000000000000057e       0x23 /home/arduino/ArduinoApps/MarineSentinel_v1/firmware/.cache/sketch/sketch/sketch.ino.cpp.o
 *(.rodata._ZL15dscrc2x16_table)
 .rodata._ZL15dscrc2x16_table
                0x00000000000005a1       0x20 /home/arduino/ArduinoApps/MarineSentinel_v1/firmware/.cache/sketch/libraries/OneWire/OneWire.cpp.o
 *(.rodata._ZN10RpcDecoderILj1024EE12get_responseIN7arduino7msgpack6object5nil_tEEEbjRT_R8RpcError.str1.1)
 .rodata._ZN10RpcDecoderILj1024EE12get_responseIN7arduino7msgpack6object5nil_tEEEbjRT_R8RpcError.str1.1
                0x00000000000005c1       0x7b /home/arduino/ArduinoApps/MarineSentinel_v1/firmware/.cache/sketch/libraries/Arduino_RouterBridge/singletons.cpp.o
 *(.rodata._ZN10RpcDecoderILj1024EE12get_responseIbEEbjRT_R8RpcError.str1.1)
 .rodata._ZN10RpcDecoderILj1024EE12get_responseIbEEbjRT_R8RpcError.str1.1
                0x000000000000063c       0x7b /home/arduino/ArduinoApps/MarineSentinel_v1/firmware/.cache/sketch/sketch/sketch.ino.cpp.o
 *(.rodata._ZN11BridgeClass11update_safeEv.str1.1)
 .rodata._ZN11BridgeClass11update_safeEv.str1.1
                0x00000000000006b7        0x9 /home/arduino/ArduinoApps/MarineSentinel_v1/firmware/.cache/sketch/sketch/sketch.ino.cpp.o
 *(.rodata._ZN11BridgeClass5beginEm.str1.1)
 .rodata._ZN11BridgeClass5beginEm.str1.1
                0x00000000000006c0       0x45 /home/arduino/ArduinoApps/MarineSentinel_v1/firmware/.cache/sketch/sketch/sketch.ino.cpp.o
 *(.rodata._ZN11TinyGPSPlus16endOfTermHandlerEv.str1.1)
 .rodata._ZN11TinyGPSPlus16endOfTermHandlerEv.str1.1
                0x0000000000000705       0x18 /home/arduino/ArduinoApps/MarineSentinel_v1/firmware/.cache/sketch/libraries/TinyGPSPlus/TinyGPS++.cpp.o
 *(.rodata._ZN13BridgeMonitorILj512EE5_readEj.str1.1)
 .rodata._ZN13BridgeMonitorILj512EE5_readEj.str1.1
                0x000000000000071d        0x9 /home/arduino/ArduinoApps/MarineSentinel_v1/firmware/.cache/sketch/libraries/Arduino_RouterBridge/singletons.cpp.o
 *(.rodata._ZN13BridgeMonitorILj512EE5writeEPKhj.str1.1)
 .rodata._ZN13BridgeMonitorILj512EE5writeEPKhj.str1.1
                0x0000000000000726        0xa /home/arduino/ArduinoApps/MarineSentinel_v1/firmware/.cache/sketch/libraries/Arduino_RouterBridge/singletons.cpp.o
 *(.rodata._ZN13BridgeMonitorILj512EEcvbEv.str1.1)
 .rodata._ZN13BridgeMonitorILj512EEcvbEv.str1.1
                0x0000000000000730       0x4d /home/arduino/ArduinoApps/MarineSentinel_v1/firmware/.cache/sketch/libraries/Arduino_RouterBridge/singletons.cpp.o
 *(.rodata._ZN18RpcFunctionWrapperISt8functionIFvbEEEclERN7arduino7msgpack8UnpackerERNS5_6PackerE.str1.1)
 .rodata._ZN18RpcFunctionWrapperISt8functionIFvbEEEclERN7arduino7msgpack8UnpackerERNS5_6PackerE.str1.1
                0x000000000000077d       0xa6 /home/arduino/ArduinoApps/MarineSentinel_v1/firmware/.cache/sketch/sketch/sketch.ino.cpp.o
 *(.rodata._ZN6zephyr7arduinoL41__pinctrl_state_pins_0__device_dts_ord_17E)
 *fill*         0x0000000000000823        0x1 
 .rodata._ZN6zephyr7arduinoL41__pinctrl_state_pins_0__device_dts_ord_17E
                0x0000000000000824        0x0 /home/arduino/ArduinoApps/MarineSentinel_v1/firmware/.cache/sketch/core/core.a(zephyrPinctrl.cpp.o)
 *(.rodata._ZN6zephyr7arduinoL41__pinctrl_state_pins_0__device_dts_ord_25E)
 .rodata._ZN6zephyr7arduinoL41__pinctrl_state_pins_0__device_dts_ord_25E
                0x0000000000000824       0x10 /home/arduino/ArduinoApps/MarineSentinel_v1/firmware/.cache/sketch/core/core.a(zephyrPinctrl.cpp.o)
 *(.rodata._ZN6zephyr7arduinoL41__pinctrl_state_pins_0__device_dts_ord_29E)
 .rodata._ZN6zephyr7arduinoL41__pinctrl_state_pins_0__device_dts_ord_29E
                0x0000000000000834       0x10 /home/arduino/ArduinoApps/MarineSentinel_v1/firmware/.cache/sketch/core/core.a(zephyrPinctrl.cpp.o)
 *(.rodata._ZN6zephyr7arduinoL41__pinctrl_state_pins_0__device_dts_ord_35E)
 .rodata._ZN6zephyr7arduinoL41__pinctrl_state_pins_0__device_dts_ord_35E
                0x0000000000000844       0x10 /home/arduino/ArduinoApps/MarineSentinel_v1/firmware/.cache/sketch/core/core.a(zephyrPinctrl.cpp.o)
 *(.rodata._ZN6zephyr7arduinoL41__pinctrl_state_pins_0__device_dts_ord_55E)
 .rodata._ZN6zephyr7arduinoL41__pinctrl_state_pins_0__device_dts_ord_55E
                0x0000000000000854       0x10 /home/arduino/ArduinoApps/MarineSentinel_v1/firmware/.cache/sketch/core/core.a(zephyrPinctrl.cpp.o)
 *(.rodata._ZN6zephyr7arduinoL41__pinctrl_state_pins_0__device_dts_ord_64E)
 .rodata._ZN6zephyr7arduinoL41__pinctrl_state_pins_0__device_dts_ord_64E
                0x0000000000000864       0x10 /home/arduino/ArduinoApps/MarineSentinel_v1/firmware/.cache/sketch/core/core.a(zephyrPinctrl.cpp.o)
 *(.rodata._ZN6zephyr7arduinoL41__pinctrl_state_pins_0__device_dts_ord_67E)
 .rodata._ZN6zephyr7arduinoL41__pinctrl_state_pins_0__device_dts_ord_67E
                0x0000000000000874       0x10 /home/arduino/ArduinoApps/MarineSentinel_v1/firmware/.cache/sketch/core/core.a(zephyrPinctrl.cpp.o)
 *(.rodata._ZN6zephyr7arduinoL41__pinctrl_state_pins_0__device_dts_ord_72E)
 .rodata._ZN6zephyr7arduinoL41__pinctrl_state_pins_0__device_dts_ord_72E
                0x0000000000000884       0x20 /home/arduino/ArduinoApps/MarineSentinel_v1/firmware/.cache/sketch/core/core.a(zephyrPinctrl.cpp.o)
 *(.rodata._ZN6zephyr7arduinoL41__pinctrl_state_pins_0__device_dts_ord_80E)
 .rodata._ZN6zephyr7arduinoL41__pinctrl_state_pins_0__device_dts_ord_80E
                0x00000000000008a4       0x20 /home/arduino/ArduinoApps/MarineSentinel_v1/firmware/.cache/sketch/core/core.a(zephyrPinctrl.cpp.o)
 *(.rodata._ZN6zephyr7arduinoL41__pinctrl_state_pins_0__device_dts_ord_85E)
 .rodata._ZN6zephyr7arduinoL41__pinctrl_state_pins_0__device_dts_ord_85E
                0x00000000000008c4       0x20 /home/arduino/ArduinoApps/MarineSentinel_v1/firmware/.cache/sketch/core/core.a(zephyrPinctrl.cpp.o)
 *(.rodata._ZN6zephyr7arduinoL41__pinctrl_state_pins_0__device_dts_ord_97E)
 .rodata._ZN6zephyr7arduinoL41__pinctrl_state_pins_0__device_dts_ord_97E
                0x00000000000008e4        0x0 /home/arduino/ArduinoApps/MarineSentinel_v1/firmware/.cache/sketch/core/core.a(zephyrPinctrl.cpp.o)
 *(.rodata._ZN6zephyr7arduinoL41__pinctrl_state_pins_1__device_dts_ord_17E)
 .rodata._ZN6zephyr7arduinoL41__pinctrl_state_pins_1__device_dts_ord_17E
                0x00000000000008e4        0x0 /home/arduino/ArduinoApps/MarineSentinel_v1/firmware/.cache/sketch/core/core.a(zephyrPinctrl.cpp.o)
 *(.rodata._ZN6zephyr7arduinoL41__pinctrl_state_pins_1__device_dts_ord_35E)
 .rodata._ZN6zephyr7arduinoL41__pinctrl_state_pins_1__device_dts_ord_35E
                0x00000000000008e4       0x10 /home/arduino/ArduinoApps/MarineSentinel_v1/firmware/.cache/sketch/core/core.a(zephyrPinctrl.cpp.o)
 *(.rodata._ZN6zephyr7arduinoL41__pinctrl_state_pins_1__device_dts_ord_80E)
 .rodata._ZN6zephyr7arduinoL41__pinctrl_state_pins_1__device_dts_ord_80E
                0x00000000000008f4       0x18 /home/arduino/ArduinoApps/MarineSentinel_v1/firmware/.cache/sketch/core/core.a(zephyrPinctrl.cpp.o)
 *(.rodata._ZN6zephyr7arduinoL41__pinctrl_state_pins_1__device_dts_ord_97E)
 .rodata._ZN6zephyr7arduinoL41__pinctrl_state_pins_1__device_dts_ord_97E
                0x000000000000090c        0x0 /home/arduino/ArduinoApps/MarineSentinel_v1/firmware/.cache/sketch/core/core.a(zephyrPinctrl.cpp.o)
 *(.rodata._ZN6zephyr7arduinoL41__pinctrl_state_pins_2__device_dts_ord_17E)
 .rodata._ZN6zephyr7arduinoL41__pinctrl_state_pins_2__device_dts_ord_17E
                0x000000000000090c       0x30 /home/arduino/ArduinoApps/MarineSentinel_v1/firmware/.cache/sketch/core/core.a(zephyrPinctrl.cpp.o)
 *(.rodata._ZN6zephyr7arduinoL41__pinctrl_state_pins_2__device_dts_ord_97E)
 .rodata._ZN6zephyr7arduinoL41__pinctrl_state_pins_2__device_dts_ord_97E
                0x000000000000093c       0x18 /home/arduino/ArduinoApps/MarineSentinel_v1/firmware/.cache/sketch/core/core.a(zephyrPinctrl.cpp.o)
 *(.rodata._ZN6zephyr7arduinoL42__pinctrl_state_pins_0__device_dts_ord_102E)
 .rodata._ZN6zephyr7arduinoL42__pinctrl_state_pins_0__device_dts_ord_102E
                0x0000000000000954        0x0 /home/arduino/ArduinoApps/MarineSentinel_v1/firmware/.cache/sketch/core/core.a(zephyrPinctrl.cpp.o)
 *(.rodata._ZN6zephyr7arduinoL42__pinctrl_state_pins_0__device_dts_ord_106E)
 .rodata._ZN6zephyr7arduinoL42__pinctrl_state_pins_0__device_dts_ord_106E
                0x0000000000000954        0x0 /home/arduino/ArduinoApps/MarineSentinel_v1/firmware/.cache/sketch/core/core.a(zephyrPinctrl.cpp.o)
 *(.rodata._ZN6zephyr7arduinoL42__pinctrl_state_pins_0__device_dts_ord_111E)
 .rodata._ZN6zephyr7arduinoL42__pinctrl_state_pins_0__device_dts_ord_111E
                0x0000000000000954        0x0 /home/arduino/ArduinoApps/MarineSentinel_v1/firmware/.cache/sketch/core/core.a(zephyrPinctrl.cpp.o)
 *(.rodata._ZN6zephyr7arduinoL42__pinctrl_state_pins_0__device_dts_ord_117E)
 .rodata._ZN6zephyr7arduinoL42__pinctrl_state_pins_0__device_dts_ord_117E
                0x0000000000000954        0x0 /home/arduino/ArduinoApps/MarineSentinel_v1/firmware/.cache/sketch/core/core.a(zephyrPinctrl.cpp.o)
 *(.rodata._ZN6zephyr7arduinoL42__pinctrl_state_pins_0__device_dts_ord_120E)
 .rodata._ZN6zephyr7arduinoL42__pinctrl_state_pins_0__device_dts_ord_120E
                0x0000000000000954        0x0 /home/arduino/ArduinoApps/MarineSentinel_v1/firmware/.cache/sketch/core/core.a(zephyrPinctrl.cpp.o)
 *(.rodata._ZN6zephyr7arduinoL42__pinctrl_state_pins_1__device_dts_ord_102E)
 .rodata._ZN6zephyr7arduinoL42__pinctrl_state_pins_1__device_dts_ord_102E
                0x0000000000000954        0x0 /home/arduino/ArduinoApps/MarineSentinel_v1/firmware/.cache/sketch/core/core.a(zephyrPinctrl.cpp.o)
 *(.rodata._ZN6zephyr7arduinoL42__pinctrl_state_pins_1__device_dts_ord_106E)
 .rodata._ZN6zephyr7arduinoL42__pinctrl_state_pins_1__device_dts_ord_106E
                0x0000000000000954        0x0 /home/arduino/ArduinoApps/MarineSentinel_v1/firmware/.cache/sketch/core/core.a(zephyrPinctrl.cpp.o)
 *(.rodata._ZN6zephyr7arduinoL42__pinctrl_state_pins_1__device_dts_ord_111E)
 .rodata._ZN6zephyr7arduinoL42__pinctrl_state_pins_1__device_dts_ord_111E
                0x0000000000000954        0x0 /home/arduino/ArduinoApps/MarineSentinel_v1/firmware/.cache/sketch/core/core.a(zephyrPinctrl.cpp.o)
 *(.rodata._ZN6zephyr7arduinoL42__pinctrl_state_pins_1__device_dts_ord_117E)
 .rodata._ZN6zephyr7arduinoL42__pinctrl_state_pins_1__device_dts_ord_117E
                0x0000000000000954        0x0 /home/arduino/ArduinoApps/MarineSentinel_v1/firmware/.cache/sketch/core/core.a(zephyrPinctrl.cpp.o)
 *(.rodata._ZN6zephyr7arduinoL42__pinctrl_state_pins_1__device_dts_ord_120E)
 .rodata._ZN6zephyr7arduinoL42__pinctrl_state_pins_1__device_dts_ord_120E
                0x0000000000000954        0x0 /home/arduino/ArduinoApps/MarineSentinel_v1/firmware/.cache/sketch/core/core.a(zephyrPinctrl.cpp.o)
 *(.rodata._ZN6zephyr7arduinoL42__pinctrl_state_pins_2__device_dts_ord_102E)
 .rodata._ZN6zephyr7arduinoL42__pinctrl_state_pins_2__device_dts_ord_102E
                0x0000000000000954       0x18 /home/arduino/ArduinoApps/MarineSentinel_v1/firmware/.cache/sketch/core/core.a(zephyrPinctrl.cpp.o)
 *(.rodata._ZN6zephyr7arduinoL42__pinctrl_state_pins_2__device_dts_ord_106E)
 .rodata._ZN6zephyr7arduinoL42__pinctrl_state_pins_2__device_dts_ord_106E
                0x000000000000096c       0x10 /home/arduino/ArduinoApps/MarineSentinel_v1/firmware/.cache/sketch/core/core.a(zephyrPinctrl.cpp.o)
 *(.rodata._ZN6zephyr7arduinoL42__pinctrl_state_pins_2__device_dts_ord_111E)
 .rodata._ZN6zephyr7arduinoL42__pinctrl_state_pins_2__device_dts_ord_111E
                0x000000000000097c       0x18 /home/arduino/ArduinoApps/MarineSentinel_v1/firmware/.cache/sketch/core/core.a(zephyrPinctrl.cpp.o)
 *(.rodata._ZN6zephyr7arduinoL42__pinctrl_state_pins_2__device_dts_ord_117E)
 .rodata._ZN6zephyr7arduinoL42__pinctrl_state_pins_2__device_dts_ord_117E
                0x0000000000000994       0x20 /home/arduino/ArduinoApps/MarineSentinel_v1/firmware/.cache/sketch/core/core.a(zephyrPinctrl.cpp.o)
 *(.rodata._ZN6zephyr7arduinoL42__pinctrl_state_pins_2__device_dts_ord_120E)
 .rodata._ZN6zephyr7arduinoL42__pinctrl_state_pins_2__device_dts_ord_120E
                0x00000000000009b4        0x8 /home/arduino/ArduinoApps/MarineSentinel_v1/firmware/.cache/sketch/core/core.a(zephyrPinctrl.cpp.o)
 *(.rodata._ZN7RpcCallIJEE6resultIbEEbRT_.part.0.str1.1)
 .rodata._ZN7RpcCallIJEE6resultIbEEbRT_.part.0.str1.1
                0x00000000000009bc       0x21 /home/arduino/ArduinoApps/MarineSentinel_v1/firmware/.cache/sketch/sketch/sketch.ino.cpp.o
 *(.rodata._ZN7RpcCallIJEEC2ERKN7arduino6StringEP9RPCClientP7k_mutexS8_.str1.1)
 .rodata._ZN7RpcCallIJEEC2ERKN7arduino6StringEP9RPCClientP7k_mutexS8_.str1.1
                0x00000000000009dd       0x1e /home/arduino/ArduinoApps/MarineSentinel_v1/firmware/.cache/sketch/sketch/sketch.ino.cpp.o
 *(.rodata._ZN7arduino5Print10printFloatEdi.str1.1)
 .rodata._ZN7arduino5Print10printFloatEdi.str1.1
                0x00000000000009fb        0xe /home/arduino/ArduinoApps/MarineSentinel_v1/firmware/.cache/sketch/core/core.a(Print.cpp.o)
 *(.rodata._ZN7arduino5Print7printlnEv.str1.1)
 .rodata._ZN7arduino5Print7printlnEv.str1.1
                0x0000000000000a09        0x3 /home/arduino/ArduinoApps/MarineSentinel_v1/firmware/.cache/sketch/core/core.a(Print.cpp.o)
 *(.rodata._ZN7arduino7msgpack6object3extC2EaPKhj.str1.1)
 .rodata._ZN7arduino7msgpack6object3extC2EaPKhj.str1.1
                0x0000000000000a0c       0x28 /home/arduino/ArduinoApps/MarineSentinel_v1/firmware/.cache/sketch/sketch/sketch.ino.cpp.o
 *(.rodata._ZN8RpcErrorC2Ev.str1.1)
 .rodata._ZN8RpcErrorC2Ev.str1.1
                0x0000000000000a34        0x1 /home/arduino/ArduinoApps/MarineSentinel_v1/firmware/.cache/sketch/sketch/sketch.ino.cpp.o
 .rodata._ZN8RpcErrorC2Ev.str1.1
                0x0000000000000a35        0x1 /home/arduino/ArduinoApps/MarineSentinel_v1/firmware/.cache/sketch/libraries/Arduino_RouterBridge/singletons.cpp.o
 *(.rodata._ZNSt6vectorIjSaIjEE17_M_realloc_insertIJRjEEEvN9__gnu_cxx17__normal_iteratorIPjS1_EEDpOT_.str1.1)
 .rodata._ZNSt6vectorIjSaIjEE17_M_realloc_insertIJRjEEEvN9__gnu_cxx17__normal_iteratorIPjS1_EEDpOT_.str1.1
                0x0000000000000a36       0x1a /home/arduino/ArduinoApps/MarineSentinel_v1/firmware/.cache/sketch/sketch/sketch.ino.cpp.o
 .rodata._ZNSt6vectorIjSaIjEE17_M_realloc_insertIJRjEEEvN9__gnu_cxx17__normal_iteratorIPjS1_EEDpOT_.str1.1
                0x0000000000000a50       0x1a /home/arduino/ArduinoApps/MarineSentinel_v1/firmware/.cache/sketch/libraries/Arduino_RouterBridge/singletons.cpp.o
 *(.rodata.loop.str1.1)
 .rodata.loop.str1.1
                0x0000000000000a6a       0x49 /home/arduino/ArduinoApps/MarineSentinel_v1/firmware/.cache/sketch/sketch/sketch.ino.cpp.o
 *(.rodata.setup.str1.1)
 .rodata.setup.str1.1
                0x0000000000000ab3      0x103 /home/arduino/ArduinoApps/MarineSentinel_v1/firmware/.cache/sketch/sketch/sketch.ino.cpp.o
 *(.rodata.str1.1)
 .rodata.str1.1
                0x0000000000000bb6       0x51 /home/arduino/ArduinoApps/MarineSentinel_v1/firmware/.cache/sketch/core/core.a(main.cpp.o)

.rel.rodata
 *(.rel.rodata)
 *(.rel.rodata.*)

.rela.rodata
 *(.rela.rodata)
 *(.rela.rodata.*)

/DISCARD/
 *(.ARM.attributes)
 *(.ARM.attributes.*)
 *(.ARM.exidx)
 *(.ARM.exidx.*)
 *(.ARM.extidx)
 *(.ARM.extidx.*)
 *(.ARM.extab)
 *(.ARM.extab.*)
 *(.comment)
 *(.comment.*)
 *(.llvmbc)
 *(.llvmcmd)
 *(.eh_frame)
 *stdexcept.o()
 *eh_*.o()
 *cow-stdexcept.o()
 *cow-string-inst.o()

.text           0x0000000000000000     0x88f2
 *(.text)
 *(.stub)
 *(.text*)
 .text._ZN15SerialTransport9availableEv
                0x0000000000000000       0x12 /home/arduino/ArduinoApps/MarineSentinel_v1/firmware/.cache/sketch/sketch/sketch.ino.cpp.o
                0x0000000000000000                SerialTransport::available()
 .text._ZN15SerialTransport5writeEPKhj
                0x0000000000000012       0x10 /home/arduino/ArduinoApps/MarineSentinel_v1/firmware/.cache/sketch/sketch/sketch.ino.cpp.o
                0x0000000000000012                SerialTransport::write(unsigned char const*, unsigned int)
 .text._ZN15SerialTransportD2Ev
                0x0000000000000022        0x2 /home/arduino/ArduinoApps/MarineSentinel_v1/firmware/.cache/sketch/sketch/sketch.ino.cpp.o
                0x0000000000000022                SerialTransport::~SerialTransport()
                0x0000000000000022                SerialTransport::~SerialTransport()
 .text.k_yield  0x0000000000000024        0x8 /home/arduino/ArduinoApps/MarineSentinel_v1/firmware/.cache/sketch/sketch/sketch.ino.cpp.o
 .text.k_mutex_lock
                0x000000000000002c        0x8 /home/arduino/ArduinoApps/MarineSentinel_v1/firmware/.cache/sketch/sketch/sketch.ino.cpp.o
 .text.__tcf_0  0x0000000000000034       0x10 /home/arduino/ArduinoApps/MarineSentinel_v1/firmware/.cache/sketch/sketch/sketch.ino.cpp.o
 .text._ZN15SerialTransport4readEPhj
                0x0000000000000044       0x28 /home/arduino/ArduinoApps/MarineSentinel_v1/firmware/.cache/sketch/sketch/sketch.ino.cpp.o
                0x0000000000000044                SerialTransport::read(unsigned char*, unsigned int)
 .text._ZN15SerialTransport9read_byteERh
                0x000000000000006c       0x20 /home/arduino/ArduinoApps/MarineSentinel_v1/firmware/.cache/sketch/sketch/sketch.ino.cpp.o
                0x000000000000006c                SerialTransport::read_byte(unsigned char&)
 .text._ZN15SerialTransportD0Ev
                0x000000000000008c       0x14 /home/arduino/ArduinoApps/MarineSentinel_v1/firmware/.cache/sketch/sketch/sketch.ino.cpp.o
                0x000000000000008c                SerialTransport::~SerialTransport()
 .text._ZNSt17_Function_handlerIFvbEPS0_E10_M_managerERSt9_Any_dataRKS3_St18_Manager_operation
                0x00000000000000a0       0x30 /home/arduino/ArduinoApps/MarineSentinel_v1/firmware/.cache/sketch/sketch/sketch.ino.cpp.o
                0x00000000000000a0                std::_Function_handler<void (bool), void (*)(bool)>::_M_manager(std::_Any_data&, std::_Any_data const&, std::_Manager_operation)
 .text._ZNSt17_Function_handlerIFvbEPS0_E9_M_invokeERKSt9_Any_dataOb
                0x00000000000000d0        0x6 /home/arduino/ArduinoApps/MarineSentinel_v1/firmware/.cache/sketch/sketch/sketch.ino.cpp.o
                0x00000000000000d0                std::_Function_handler<void (bool), void (*)(bool)>::_M_invoke(std::_Any_data const&, bool&&)
 *fill*         0x00000000000000d6        0x2 
 .text._ZSt14__relocate_a_1IhhENSt9enable_ifIXsrSt24__is_bitwise_relocatableIT_vE5valueEPS2_E4typeES4_S4_S4_RSaIT0_E.isra.0
                0x00000000000000d8       0x20 /home/arduino/ArduinoApps/MarineSentinel_v1/firmware/.cache/sketch/sketch/sketch.ino.cpp.o
 .text._ZNSt12_Vector_baseIhSaIhEE11_M_allocateEj.isra.0
                0x00000000000000f8       0x20 /home/arduino/ArduinoApps/MarineSentinel_v1/firmware/.cache/sketch/sketch/sketch.ino.cpp.o
 .text.k_mutex_unlock.isra.0
                0x0000000000000118        0x8 /home/arduino/ArduinoApps/MarineSentinel_v1/firmware/.cache/sketch/sketch/sketch.ino.cpp.o
 .text.k_mutex_init.isra.0
                0x0000000000000120        0x8 /home/arduino/ArduinoApps/MarineSentinel_v1/firmware/.cache/sketch/sketch/sketch.ino.cpp.o
 .text.k_msleep.constprop.0.isra.0
                0x0000000000000128        0xc /home/arduino/ArduinoApps/MarineSentinel_v1/firmware/.cache/sketch/sketch/sketch.ino.cpp.o
 .text._ZNSt14_Function_baseD2Ev
                0x0000000000000134       0x12 /home/arduino/ArduinoApps/MarineSentinel_v1/firmware/.cache/sketch/sketch/sketch.ino.cpp.o
                0x0000000000000134                std::_Function_base::~_Function_base()
                0x0000000000000134                std::_Function_base::~_Function_base()
 *fill*         0x0000000000000146        0x2 
 .text._ZN18RpcFunctionWrapperISt8functionIFvbEEED2Ev
                0x0000000000000148       0x1c /home/arduino/ArduinoApps/MarineSentinel_v1/firmware/.cache/sketch/sketch/sketch.ino.cpp.o
                0x0000000000000148                RpcFunctionWrapper<std::function<void (bool)> >::~RpcFunctionWrapper()
                0x0000000000000148                RpcFunctionWrapper<std::function<void (bool)> >::~RpcFunctionWrapper()
 .text._ZN18RpcFunctionWrapperISt8functionIFvbEEED0Ev
                0x0000000000000164       0x1c /home/arduino/ArduinoApps/MarineSentinel_v1/firmware/.cache/sketch/sketch/sketch.ino.cpp.o
                0x0000000000000164                RpcFunctionWrapper<std::function<void (bool)> >::~RpcFunctionWrapper()
 .text._ZN7arduino7msgpack8Unpacker11deserializeEv
                0x0000000000000180       0x16 /home/arduino/ArduinoApps/MarineSentinel_v1/firmware/.cache/sketch/sketch/sketch.ino.cpp.o
                0x0000000000000180                arduino::msgpack::Unpacker::deserialize()
 .text._ZN7arduino7msgpack8Unpacker5clearEv
                0x0000000000000196       0x14 /home/arduino/ArduinoApps/MarineSentinel_v1/firmware/.cache/sketch/sketch/sketch.ino.cpp.o
                0x0000000000000196                arduino::msgpack::Unpacker::clear()
 .text._ZNK7arduino7msgpack8Unpacker13getRawBytePtrEjj
                0x00000000000001aa       0x1e /home/arduino/ArduinoApps/MarineSentinel_v1/firmware/.cache/sketch/sketch/sketch.ino.cpp.o
                0x00000000000001aa                arduino::msgpack::Unpacker::getRawBytePtr(unsigned int, unsigned int) const
 .text._ZN8RpcErrorC2Ev
                0x00000000000001c8       0x2c /home/arduino/ArduinoApps/MarineSentinel_v1/firmware/.cache/sketch/sketch/sketch.ino.cpp.o
                0x00000000000001c8                RpcError::RpcError()
                0x00000000000001c8                RpcError::RpcError()
 .text._ZN17RpcDecoderManager10getDecoderER10ITransport
                0x00000000000001f4       0x7c /home/arduino/ArduinoApps/MarineSentinel_v1/firmware/.cache/sketch/sketch/sketch.ino.cpp.o
                0x00000000000001f4                RpcDecoderManager::getDecoder(ITransport&)
 .text._ZN17RpcDecoderManager11getInstanceEv
                0x0000000000000270       0x30 /home/arduino/ArduinoApps/MarineSentinel_v1/firmware/.cache/sketch/sketch/sketch.ino.cpp.o
                0x0000000000000270                RpcDecoderManager::getInstance()
 .text._ZN7arduino7msgpack8UnpackerC2Ev
                0x00000000000002a0       0x10 /home/arduino/ArduinoApps/MarineSentinel_v1/firmware/.cache/sketch/sketch/sketch.ino.cpp.o
                0x00000000000002a0                arduino::msgpack::Unpacker::Unpacker()
                0x00000000000002a0                arduino::msgpack::Unpacker::Unpacker()
 .text._ZN10RPCRequestILj256EEC2Ev
                0x00000000000002b0       0x4c /home/arduino/ArduinoApps/MarineSentinel_v1/firmware/.cache/sketch/sketch/sketch.ino.cpp.o
                0x00000000000002b0                RPCRequest<256u>::RPCRequest()
                0x00000000000002b0                RPCRequest<256u>::RPCRequest()
 .text._ZN11BridgeClass10is_startedEv
                0x00000000000002fc       0x2c /home/arduino/ArduinoApps/MarineSentinel_v1/firmware/.cache/sketch/sketch/sketch.ino.cpp.o
                0x00000000000002fc                BridgeClass::is_started()
 .text._ZN18Arduino_LED_Matrix5clearEv
                0x0000000000000328       0x48 /home/arduino/ArduinoApps/MarineSentinel_v1/firmware/.cache/sketch/sketch/sketch.ino.cpp.o
                0x0000000000000328                Arduino_LED_Matrix::clear()
 .text._Z9ledNormalv
                0x0000000000000370       0x1c /home/arduino/ArduinoApps/MarineSentinel_v1/firmware/.cache/sketch/sketch/sketch.ino.cpp.o
                0x0000000000000370                ledNormal()
 .text._Z8setAlertb
                0x000000000000038c       0x54 /home/arduino/ArduinoApps/MarineSentinel_v1/firmware/.cache/sketch/sketch/sketch.ino.cpp.o
                0x000000000000038c                setAlert(bool)
 .text._ZNSt12_Vector_baseIhSaIhEED2Ev
                0x00000000000003e0       0x18 /home/arduino/ArduinoApps/MarineSentinel_v1/firmware/.cache/sketch/sketch/sketch.ino.cpp.o
                0x00000000000003e0                std::_Vector_base<unsigned char, std::allocator<unsigned char> >::~_Vector_base()
                0x00000000000003e0                std::_Vector_base<unsigned char, std::allocator<unsigned char> >::~_Vector_base()
 .text.__tcf_2  0x00000000000003f8       0x14 /home/arduino/ArduinoApps/MarineSentinel_v1/firmware/.cache/sketch/sketch/sketch.ino.cpp.o
 .text.__tcf_1  0x000000000000040c       0x14 /home/arduino/ArduinoApps/MarineSentinel_v1/firmware/.cache/sketch/sketch/sketch.ino.cpp.o
 .text._ZNSt6vectorIhSaIhEE14_M_move_assignEOS1_St17integral_constantIbLb1EE.isra.0
                0x0000000000000420       0x34 /home/arduino/ArduinoApps/MarineSentinel_v1/firmware/.cache/sketch/sketch/sketch.ino.cpp.o
 .text._ZNK7arduino7msgpack8Unpacker11getRawBytesIhEET_jj
                0x0000000000000454       0x1e /home/arduino/ArduinoApps/MarineSentinel_v1/firmware/.cache/sketch/sketch/sketch.ino.cpp.o
                0x0000000000000454                unsigned char arduino::msgpack::Unpacker::getRawBytes<unsigned char>(unsigned int, unsigned int) const
 *fill*         0x0000000000000472        0x2 
 .text._ZNK7arduino7msgpack8Unpacker7getTypeEj
                0x0000000000000474       0x58 /home/arduino/ArduinoApps/MarineSentinel_v1/firmware/.cache/sketch/sketch/sketch.ino.cpp.o
                0x0000000000000474                arduino::msgpack::Unpacker::getType(unsigned int) const
 .text._ZNK7arduino7msgpack8Unpacker7getTypeEv
                0x00000000000004cc       0x10 /home/arduino/ArduinoApps/MarineSentinel_v1/firmware/.cache/sketch/sketch/sketch.ino.cpp.o
                0x00000000000004cc                arduino::msgpack::Unpacker::getType() const
 .text._ZN7arduino7msgpack8Unpacker11unpackInt32Ev
                0x00000000000004dc       0x58 /home/arduino/ArduinoApps/MarineSentinel_v1/firmware/.cache/sketch/sketch/sketch.ino.cpp.o
                0x00000000000004dc                arduino::msgpack::Unpacker::unpackInt32()
 .text._ZN7arduino7msgpack8Unpacker11unpackInt64Ev
                0x0000000000000534       0x60 /home/arduino/ArduinoApps/MarineSentinel_v1/firmware/.cache/sketch/sketch/sketch.ino.cpp.o
                0x0000000000000534                arduino::msgpack::Unpacker::unpackInt64()
 .text._ZN7arduino7msgpack8Unpacker9unpackNilEv
                0x0000000000000594       0x3c /home/arduino/ArduinoApps/MarineSentinel_v1/firmware/.cache/sketch/sketch/sketch.ino.cpp.o
                0x0000000000000594                arduino::msgpack::Unpacker::unpackNil()
 .text._ZNK7arduino7msgpack8Unpacker7isArrayEv
                0x00000000000005d0       0x20 /home/arduino/ArduinoApps/MarineSentinel_v1/firmware/.cache/sketch/sketch/sketch.ino.cpp.o
                0x00000000000005d0                arduino::msgpack::Unpacker::isArray() const
 .text._ZNK7arduino7msgpack8Unpacker5isMapEv
                0x00000000000005f0       0x20 /home/arduino/ArduinoApps/MarineSentinel_v1/firmware/.cache/sketch/sketch/sketch.ino.cpp.o
                0x00000000000005f0                arduino::msgpack::Unpacker::isMap() const
 .text._ZN7arduino7msgpack8Unpacker11unpackInt16Ev
                0x0000000000000610       0x4c /home/arduino/ArduinoApps/MarineSentinel_v1/firmware/.cache/sketch/sketch/sketch.ino.cpp.o
                0x0000000000000610                arduino::msgpack::Unpacker::unpackInt16()
 .text._ZN7arduino7msgpack8Unpacker13unpackFloat32Ev
                0x000000000000065c       0x60 /home/arduino/ArduinoApps/MarineSentinel_v1/firmware/.cache/sketch/sketch/sketch.ino.cpp.o
                0x000000000000065c                arduino::msgpack::Unpacker::unpackFloat32()
 *fill*         0x00000000000006bc        0x4 
 .text._ZN7arduino7msgpack8Unpacker13unpackFloat64Ev
                0x00000000000006c0       0x6c /home/arduino/ArduinoApps/MarineSentinel_v1/firmware/.cache/sketch/sketch/sketch.ino.cpp.o
                0x00000000000006c0                arduino::msgpack::Unpacker::unpackFloat64()
 .text._ZN7arduino7msgpack8Unpacker10unpackInt5Ev
                0x000000000000072c       0x4c /home/arduino/ArduinoApps/MarineSentinel_v1/firmware/.cache/sketch/sketch/sketch.ino.cpp.o
                0x000000000000072c                arduino::msgpack::Unpacker::unpackInt5()
 .text._ZN7arduino7msgpack8Unpacker11unpackUInt7Ev
                0x0000000000000778       0x48 /home/arduino/ArduinoApps/MarineSentinel_v1/firmware/.cache/sketch/sketch/sketch.ino.cpp.o
                0x0000000000000778                arduino::msgpack::Unpacker::unpackUInt7()
 .text._ZN7arduino7msgpack8Unpacker11unpackUInt8Ev
                0x00000000000007c0       0x48 /home/arduino/ArduinoApps/MarineSentinel_v1/firmware/.cache/sketch/sketch/sketch.ino.cpp.o
                0x00000000000007c0                arduino::msgpack::Unpacker::unpackUInt8()
 .text._ZNK7arduino7msgpack8Unpacker11getRawBytesItEET_jj
                0x0000000000000808       0x26 /home/arduino/ArduinoApps/MarineSentinel_v1/firmware/.cache/sketch/sketch/sketch.ino.cpp.o
                0x0000000000000808                unsigned short arduino::msgpack::Unpacker::getRawBytes<unsigned short>(unsigned int, unsigned int) const
 *fill*         0x000000000000082e        0x2 
 .text._ZN7arduino7msgpack8Unpacker12unpackUInt16Ev
                0x0000000000000830       0x48 /home/arduino/ArduinoApps/MarineSentinel_v1/firmware/.cache/sketch/sketch/sketch.ino.cpp.o
                0x0000000000000830                arduino::msgpack::Unpacker::unpackUInt16()
 .text._ZNK7arduino7msgpack8Unpacker11getRawBytesIjEET_jj
                0x0000000000000878       0x34 /home/arduino/ArduinoApps/MarineSentinel_v1/firmware/.cache/sketch/sketch/sketch.ino.cpp.o
                0x0000000000000878                unsigned int arduino::msgpack::Unpacker::getRawBytes<unsigned int>(unsigned int, unsigned int) const
 .text._ZNK7arduino7msgpack8Unpacker14getElementSizeEj
                0x00000000000008ac      0x11c /home/arduino/ArduinoApps/MarineSentinel_v1/firmware/.cache/sketch/sketch/sketch.ino.cpp.o
                0x00000000000008ac                arduino::msgpack::Unpacker::getElementSize(unsigned int) const
 .text._ZN7arduino7msgpack8Unpacker15unpackArraySizeEv
                0x00000000000009c8       0x78 /home/arduino/ArduinoApps/MarineSentinel_v1/firmware/.cache/sketch/sketch/sketch.ino.cpp.o
                0x00000000000009c8                arduino::msgpack::Unpacker::unpackArraySize()
 .text._ZN7arduino7msgpack8Unpacker12unpackUInt32Ev
                0x0000000000000a40       0x48 /home/arduino/ArduinoApps/MarineSentinel_v1/firmware/.cache/sketch/sketch/sketch.ino.cpp.o
                0x0000000000000a40                arduino::msgpack::Unpacker::unpackUInt32()
 .text._ZN7arduino7msgpack8Unpacker13unpackMapSizeEv
                0x0000000000000a88       0x78 /home/arduino/ArduinoApps/MarineSentinel_v1/firmware/.cache/sketch/sketch/sketch.ino.cpp.o
                0x0000000000000a88                arduino::msgpack::Unpacker::unpackMapSize()
 .text._ZNK7arduino7msgpack8Unpacker11getRawBytesIyEET_jj
                0x0000000000000b00       0x3a /home/arduino/ArduinoApps/MarineSentinel_v1/firmware/.cache/sketch/sketch/sketch.ino.cpp.o
                0x0000000000000b00                unsigned long long arduino::msgpack::Unpacker::getRawBytes<unsigned long long>(unsigned int, unsigned int) const
 *fill*         0x0000000000000b3a        0x2 
 .text._ZN7arduino7msgpack8Unpacker12unpackUInt64Ev
                0x0000000000000b3c       0x4c /home/arduino/ArduinoApps/MarineSentinel_v1/firmware/.cache/sketch/sketch/sketch.ino.cpp.o
                0x0000000000000b3c                arduino::msgpack::Unpacker::unpackUInt64()
 .text._ZNK7arduino7msgpack8Unpacker11getRawBytesIaEET_jj
                0x0000000000000b88       0x1e /home/arduino/ArduinoApps/MarineSentinel_v1/firmware/.cache/sketch/sketch/sketch.ino.cpp.o
                0x0000000000000b88                signed char arduino::msgpack::Unpacker::getRawBytes<signed char>(unsigned int, unsigned int) const
 *fill*         0x0000000000000ba6        0x2 
 .text._ZN7arduino7msgpack8Unpacker10unpackInt8Ev
                0x0000000000000ba8       0x48 /home/arduino/ArduinoApps/MarineSentinel_v1/firmware/.cache/sketch/sketch/sketch.ino.cpp.o
                0x0000000000000ba8                arduino::msgpack::Unpacker::unpackInt8()
 .text._ZNK7arduino7msgpack8Unpacker13isTimestamp32Ev
                0x0000000000000bf0       0x2c /home/arduino/ArduinoApps/MarineSentinel_v1/firmware/.cache/sketch/sketch/sketch.ino.cpp.o
                0x0000000000000bf0                arduino::msgpack::Unpacker::isTimestamp32() const
 .text._ZNK7arduino7msgpack8Unpacker13isTimestamp64Ev
                0x0000000000000c1c       0x2c /home/arduino/ArduinoApps/MarineSentinel_v1/firmware/.cache/sketch/sketch/sketch.ino.cpp.o
                0x0000000000000c1c                arduino::msgpack::Unpacker::isTimestamp64() const
 .text._ZNK7arduino7msgpack8Unpacker13isTimestamp96Ev
                0x0000000000000c48       0x40 /home/arduino/ArduinoApps/MarineSentinel_v1/firmware/.cache/sketch/sketch/sketch.ino.cpp.o
                0x0000000000000c48                arduino::msgpack::Unpacker::isTimestamp96() const
 .text._ZNK7arduino7msgpack8Unpacker11getRawBytesIcEET_jj
                0x0000000000000c88       0x1e /home/arduino/ArduinoApps/MarineSentinel_v1/firmware/.cache/sketch/sketch/sketch.ino.cpp.o
                0x0000000000000c88                char arduino::msgpack::Unpacker::getRawBytes<char>(unsigned int, unsigned int) const
 *fill*         0x0000000000000ca6        0x2 
 .text._ZN7arduino7msgpack8Unpacker11deserializeINS0_4type9ArraySizeEJEEEbRT_DpOT0_
                0x0000000000000ca8       0x40 /home/arduino/ArduinoApps/MarineSentinel_v1/firmware/.cache/sketch/sketch/sketch.ino.cpp.o
                0x0000000000000ca8                bool arduino::msgpack::Unpacker::deserialize<arduino::msgpack::type::ArraySize>(arduino::msgpack::type::ArraySize&)
 .text._ZN7arduino7msgpack8Unpacker11deserializeINS0_6object5nil_tEJEEEbRT_DpOT0_
                0x0000000000000ce8       0x40 /home/arduino/ArduinoApps/MarineSentinel_v1/firmware/.cache/sketch/sketch/sketch.ino.cpp.o
                0x0000000000000ce8                bool arduino::msgpack::Unpacker::deserialize<arduino::msgpack::object::nil_t>(arduino::msgpack::object::nil_t&)
 .text._ZN7arduino7msgpack8Unpacker11deserializeIbJEEEbRT_DpOT0_
                0x0000000000000d28       0x68 /home/arduino/ArduinoApps/MarineSentinel_v1/firmware/.cache/sketch/sketch/sketch.ino.cpp.o
                0x0000000000000d28                bool arduino::msgpack::Unpacker::deserialize<bool>(bool&)
 .text._ZN7arduino7msgpack8Unpacker11deserializeINS_6StringEJEEEbRT_DpOT0_
                0x0000000000000d90      0x174 /home/arduino/ArduinoApps/MarineSentinel_v1/firmware/.cache/sketch/sketch/sketch.ino.cpp.o
                0x0000000000000d90                bool arduino::msgpack::Unpacker::deserialize<arduino::String>(arduino::String&)
 .text._ZN7arduino7msgpack8Unpacker11deserializeINS0_6object8timespecEJEEEbRT_DpOT0_
                0x0000000000000f04       0xc4 /home/arduino/ArduinoApps/MarineSentinel_v1/firmware/.cache/sketch/sketch/sketch.ino.cpp.o
                0x0000000000000f04                bool arduino::msgpack::Unpacker::deserialize<arduino::msgpack::object::timespec>(arduino::msgpack::object::timespec&)
 .text._ZNSt12_Vector_baseIjSaIjEED2Ev
                0x0000000000000fc8       0x18 /home/arduino/ArduinoApps/MarineSentinel_v1/firmware/.cache/sketch/sketch/sketch.ino.cpp.o
                0x0000000000000fc8                std::_Vector_base<unsigned int, std::allocator<unsigned int> >::~_Vector_base()
                0x0000000000000fc8                std::_Vector_base<unsigned int, std::allocator<unsigned int> >::~_Vector_base()
 .text._ZN10RPCRequestILj256EED2Ev
                0x0000000000000fe0       0x2c /home/arduino/ArduinoApps/MarineSentinel_v1/firmware/.cache/sketch/sketch/sketch.ino.cpp.o
                0x0000000000000fe0                RPCRequest<256u>::~RPCRequest()
                0x0000000000000fe0                RPCRequest<256u>::~RPCRequest()
 .text._ZNSt6vectorIjSaIjEE17_M_realloc_insertIJRjEEEvN9__gnu_cxx17__normal_iteratorIPjS1_EEDpOT_
                0x000000000000100c       0xdc /home/arduino/ArduinoApps/MarineSentinel_v1/firmware/.cache/sketch/sketch/sketch.ino.cpp.o
                0x000000000000100c                void std::vector<unsigned int, std::allocator<unsigned int> >::_M_realloc_insert<unsigned int&>(__gnu_cxx::__normal_iterator<unsigned int*, std::vector<unsigned int, std::allocator<unsigned int> > >, unsigned int&)
 .text._ZN7arduino7msgpack8Unpacker4feedEPKhj
                0x00000000000010e8       0x78 /home/arduino/ArduinoApps/MarineSentinel_v1/firmware/.cache/sketch/sketch/sketch.ino.cpp.o
                0x00000000000010e8                arduino::msgpack::Unpacker::feed(unsigned char const*, unsigned int)
 .text._ZN7RpcCallIJEE8setErrorEiN7arduino6StringE
                0x0000000000001160       0x40 /home/arduino/ArduinoApps/MarineSentinel_v1/firmware/.cache/sketch/sketch/sketch.ino.cpp.o
                0x0000000000001160                RpcCall<>::setError(int, arduino::String)
 .text._ZN7RpcCallIJEEC2ERKN7arduino6StringEP9RPCClientP7k_mutexS8_
                0x00000000000011a0       0x7c /home/arduino/ArduinoApps/MarineSentinel_v1/firmware/.cache/sketch/sketch/sketch.ino.cpp.o
                0x00000000000011a0                RpcCall<>::RpcCall(arduino::String const&, RPCClient*, k_mutex*, k_mutex*)
                0x00000000000011a0                RpcCall<>::RpcCall(arduino::String const&, RPCClient*, k_mutex*, k_mutex*)
 .text._ZN7RpcCallIJEE6resultIbEEbRT_.part.0
                0x000000000000121c       0x34 /home/arduino/ArduinoApps/MarineSentinel_v1/firmware/.cache/sketch/sketch/sketch.ino.cpp.o
 .text._ZN7RpcCallIJEE7isErrorEv
                0x0000000000001250       0x34 /home/arduino/ArduinoApps/MarineSentinel_v1/firmware/.cache/sketch/sketch/sketch.ino.cpp.o
                0x0000000000001250                RpcCall<>::isError()
 .text._ZNKSt6vectorIhSaIhEE12_M_check_lenEjPKc
                0x0000000000001284       0x38 /home/arduino/ArduinoApps/MarineSentinel_v1/firmware/.cache/sketch/sketch/sketch.ino.cpp.o
                0x0000000000001284                std::vector<unsigned char, std::allocator<unsigned char> >::_M_check_len(unsigned int, char const*) const
 .text._ZNSt6vectorIhSaIhEE12emplace_backIJhEEERhDpOT_.isra.0
                0x00000000000012bc       0x90 /home/arduino/ArduinoApps/MarineSentinel_v1/firmware/.cache/sketch/sketch/sketch.ino.cpp.o
 .text._ZN7arduino7msgpack6Packer11packRawByteERKNS0_4TypeE.isra.0
                0x000000000000134c       0x18 /home/arduino/ArduinoApps/MarineSentinel_v1/firmware/.cache/sketch/sketch/sketch.ino.cpp.o
 .text._ZN7arduino7msgpack6Packer7packNilEv
                0x0000000000001364       0x18 /home/arduino/ArduinoApps/MarineSentinel_v1/firmware/.cache/sketch/sketch/sketch.ino.cpp.o
                0x0000000000001364                arduino::msgpack::Packer::packNil()
 .text._ZNSt6vectorIhSaIhEE12emplace_backIJRKhEEERhDpOT_.isra.0
                0x000000000000137c       0x90 /home/arduino/ArduinoApps/MarineSentinel_v1/firmware/.cache/sketch/sketch/sketch.ino.cpp.o
 .text._ZN7arduino7msgpack6Packer9packUInt8Eh
                0x000000000000140c       0x2c /home/arduino/ArduinoApps/MarineSentinel_v1/firmware/.cache/sketch/sketch/sketch.ino.cpp.o
                0x000000000000140c                arduino::msgpack::Packer::packUInt8(unsigned char)
 .text._ZN7arduino7msgpack6Packer9packUInt7Eh
                0x0000000000001438       0x24 /home/arduino/ArduinoApps/MarineSentinel_v1/firmware/.cache/sketch/sketch/sketch.ino.cpp.o
                0x0000000000001438                arduino::msgpack::Packer::packUInt7(unsigned char)
 .text._ZNSt6vectorIhSaIhEE12emplace_backIJRhEEES3_DpOT_.isra.0
                0x000000000000145c       0x90 /home/arduino/ArduinoApps/MarineSentinel_v1/firmware/.cache/sketch/sketch/sketch.ino.cpp.o
 .text._ZN7arduino7msgpack6Packer9packFloatIfEENSt9enable_ifIXaasrSt13is_arithmeticIT_E5valuesrSt17is_floating_pointIS5_E5valueEvE4typeERKS5_.isra.0
                0x00000000000014ec       0x30 /home/arduino/ArduinoApps/MarineSentinel_v1/firmware/.cache/sketch/sketch/sketch.ino.cpp.o
 .text._ZN7arduino7msgpack6Packer15packRawReversedIjEEvRKT_
                0x000000000000151c       0x1c /home/arduino/ArduinoApps/MarineSentinel_v1/firmware/.cache/sketch/sketch/sketch.ino.cpp.o
                0x000000000000151c                void arduino::msgpack::Packer::packRawReversed<unsigned int>(unsigned int const&)
 .text._ZN7arduino7msgpack6Packer10packUInt32Ej
                0x0000000000001538       0x28 /home/arduino/ArduinoApps/MarineSentinel_v1/firmware/.cache/sketch/sketch/sketch.ino.cpp.o
                0x0000000000001538                arduino::msgpack::Packer::packUInt32(unsigned int)
 .text._ZN7arduino7msgpack6Packer15packRawReversedItEEvRKT_
                0x0000000000001560       0x1c /home/arduino/ArduinoApps/MarineSentinel_v1/firmware/.cache/sketch/sketch/sketch.ino.cpp.o
                0x0000000000001560                void arduino::msgpack::Packer::packRawReversed<unsigned short>(unsigned short const&)
 .text._ZN7arduino7msgpack6Packer13packArraySizeEj
                0x000000000000157c       0x58 /home/arduino/ArduinoApps/MarineSentinel_v1/firmware/.cache/sketch/sketch/sketch.ino.cpp.o
                0x000000000000157c                arduino::msgpack::Packer::packArraySize(unsigned int)
 .text._ZN7arduino7msgpack6Packer10packUInt16Et
                0x00000000000015d4       0x2c /home/arduino/ArduinoApps/MarineSentinel_v1/firmware/.cache/sketch/sketch/sketch.ino.cpp.o
                0x00000000000015d4                arduino::msgpack::Packer::packUInt16(unsigned short)
 .text._ZN7arduino7msgpack6Packer11packIntegerIjEENSt9enable_ifIXaaaaaasrSt13is_arithmeticIT_E5valuesrSt11is_integralIS5_E5valuentsrSt7is_sameIS5_bE5valuentsrS9_INSt9remove_cvIS5_E4typeEPcE5valueEvE4typeERKS5_.isra.0
                0x0000000000001600       0x3c /home/arduino/ArduinoApps/MarineSentinel_v1/firmware/.cache/sketch/sketch/sketch.ino.cpp.o
 .text._ZN7arduino7msgpack6Packer11packIntegerIiEENSt9enable_ifIXaaaaaasrSt13is_arithmeticIT_E5valuesrSt11is_integralIS5_E5valuentsrSt7is_sameIS5_bE5valuentsrS9_INSt9remove_cvIS5_E4typeEPcE5valueEvE4typeERKS5_.isra.0
                0x000000000000163c       0xc0 /home/arduino/ArduinoApps/MarineSentinel_v1/firmware/.cache/sketch/sketch/sketch.ino.cpp.o
 .text._ZN7arduino7msgpack6Packer12packRawBytesEPKcj
                0x00000000000016fc       0x9c /home/arduino/ArduinoApps/MarineSentinel_v1/firmware/.cache/sketch/sketch/sketch.ino.cpp.o
                0x00000000000016fc                arduino::msgpack::Packer::packRawBytes(char const*, unsigned int)
 .text._ZN7arduino7msgpack6Packer4packERKNS_6StringE
                0x0000000000001798       0x7c /home/arduino/ArduinoApps/MarineSentinel_v1/firmware/.cache/sketch/sketch/sketch.ino.cpp.o
                0x0000000000001798                arduino::msgpack::Packer::pack(arduino::String const&)
 .text._ZN7arduino7msgpack6Packer9serializeIJRKiRKNS_6StringEEEEvRKNS0_4type9ArraySizeEDpOT_.isra.0
                0x0000000000001814       0x2c /home/arduino/ArduinoApps/MarineSentinel_v1/firmware/.cache/sketch/sketch/sketch.ino.cpp.o
 .text._ZN7arduino7msgpack6Packer9serializeI8RpcErrorJRNS0_6object5nil_tEEEENSt9enable_ifIXoooontsrSt10is_pointerIT_E5valuesrSt7is_sameIS9_PKcE5valuesrSB_IS9_PKNS_19__FlashStringHelperEE5valueEvE4typeERKS9_DpOT0_.isra.0
                0x0000000000001840       0x20 /home/arduino/ArduinoApps/MarineSentinel_v1/firmware/.cache/sketch/sketch/sketch.ino.cpp.o
 .text._ZN18RpcFunctionWrapperISt8functionIFvbEEEclERN7arduino7msgpack8UnpackerERNS5_6PackerE
                0x0000000000001860      0x11c /home/arduino/ArduinoApps/MarineSentinel_v1/firmware/.cache/sketch/sketch/sketch.ino.cpp.o
                0x0000000000001860                RpcFunctionWrapper<std::function<void (bool)> >::operator()(arduino::msgpack::Unpacker&, arduino::msgpack::Packer&)
 .text._ZN7arduino7msgpack8Unpacker9unpackIntIiEENSt9enable_ifIXaaaaaaaasrSt13is_arithmeticIT_E5valuesrSt11is_integralIS5_E5valuentsrSt7is_sameIS5_bE5valuentsrS9_INSt9remove_cvIS5_E4typeEPcE5valuesrSt9is_signedIS5_E5valueES5_E4typeEv
                0x000000000000197c       0xd0 /home/arduino/ArduinoApps/MarineSentinel_v1/firmware/.cache/sketch/sketch/sketch.ino.cpp.o
                0x000000000000197c                std::enable_if<(((std::is_arithmetic<int>::value&&std::is_integral<int>::value)&&(!std::is_same<int, bool>::value))&&(!std::is_same<std::remove_cv<int>::type, char*>::value))&&std::is_signed<int>::value, int>::type arduino::msgpack::Unpacker::unpackInt<int>()
 .text._ZN7arduino7msgpack8Unpacker11deserializeIiJEEEbRT_DpOT0_
                0x0000000000001a4c       0x40 /home/arduino/ArduinoApps/MarineSentinel_v1/firmware/.cache/sketch/sketch/sketch.ino.cpp.o
                0x0000000000001a4c                bool arduino::msgpack::Unpacker::deserialize<int>(int&)
 .text._ZN7arduino7msgpack8Unpacker11unpackFloatIfEENSt9enable_ifIXaasrSt13is_arithmeticIT_E5valuesrSt17is_floating_pointIS5_E5valueES5_E4typeEv
                0x0000000000001a8c      0x118 /home/arduino/ArduinoApps/MarineSentinel_v1/firmware/.cache/sketch/sketch/sketch.ino.cpp.o
                0x0000000000001a8c                std::enable_if<std::is_arithmetic<float>::value&&std::is_floating_point<float>::value, float>::type arduino::msgpack::Unpacker::unpackFloat<float>()
 *fill*         0x0000000000001ba4        0x4 
 .text._ZN7arduino7msgpack8Unpacker11unpackFloatIdEENSt9enable_ifIXaasrSt13is_arithmeticIT_E5valuesrSt17is_floating_pointIS5_E5valueES5_E4typeEv
                0x0000000000001ba8      0x118 /home/arduino/ArduinoApps/MarineSentinel_v1/firmware/.cache/sketch/sketch/sketch.ino.cpp.o
                0x0000000000001ba8                std::enable_if<std::is_arithmetic<double>::value&&std::is_floating_point<double>::value, double>::type arduino::msgpack::Unpacker::unpackFloat<double>()
 .text._ZN7arduino7msgpack8Unpacker12unpackBinaryIhEENSt9enable_ifIXoosrSt7is_sameIT_cE5valuesrS4_IS5_hE5valueESt6vectorINS3_IXoosrS7_5valuesrS6_5valueES5_E4typeESaIS5_EEE4typeEv
                0x0000000000001cc0      0x114 /home/arduino/ArduinoApps/MarineSentinel_v1/firmware/.cache/sketch/sketch/sketch.ino.cpp.o
                0x0000000000001cc0                std::enable_if<std::is_same<unsigned char, char>::value||std::is_same<unsigned char, unsigned char>::value, std::vector<std::enable_if<std::is_same<unsigned char, unsigned char>::value||std::is_same<unsigned char, char>::value, unsigned char>::type, std::allocator<unsigned char> > >::type arduino::msgpack::Unpacker::unpackBinary<unsigned char>()
 .text._ZN7arduino7msgpack8Unpacker11deserializeINS0_4type9ArraySizeEJRiEEEbRT_DpOT0_
                0x0000000000001dd4       0x44 /home/arduino/ArduinoApps/MarineSentinel_v1/firmware/.cache/sketch/sketch/sketch.ino.cpp.o
                0x0000000000001dd4                bool arduino::msgpack::Unpacker::deserialize<arduino::msgpack::type::ArraySize, int&>(arduino::msgpack::type::ArraySize&, int&)
 .text._ZNK10RpcDecoderILj1024EE4sendEPKhj
                0x0000000000001e18       0x22 /home/arduino/ArduinoApps/MarineSentinel_v1/firmware/.cache/sketch/sketch/sketch.ino.cpp.o
                0x0000000000001e18                RpcDecoder<1024u>::send(unsigned char const*, unsigned int) const
 *fill*         0x0000000000001e3a        0x2 
 .text._ZN9RPCClient8send_rpcIJEEEbRKN7arduino6StringERjDpOT_.isra.0
                0x0000000000001e3c       0x8c /home/arduino/ArduinoApps/MarineSentinel_v1/firmware/.cache/sketch/sketch/sketch.ino.cpp.o
 .text._ZN9RPCClient8send_rpcIJRKN7arduino6StringEEEEbS4_RjDpOT_.isra.0
                0x0000000000001ec8       0x90 /home/arduino/ArduinoApps/MarineSentinel_v1/firmware/.cache/sketch/sketch/sketch.ino.cpp.o
 .text._ZN11BridgeClass6notifyIJRiRfEEEvN7arduino6StringEDpOT_
                0x0000000000001f58       0xb8 /home/arduino/ArduinoApps/MarineSentinel_v1/firmware/.cache/sketch/sketch/sketch.ino.cpp.o
                0x0000000000001f58                void BridgeClass::notify<int&, float&>(arduino::String, int&, float&)
 .text._ZN11BridgeClass6notifyIJRhS1_EEEvN7arduino6StringEDpOT_
                0x0000000000002010       0xc0 /home/arduino/ArduinoApps/MarineSentinel_v1/firmware/.cache/sketch/sketch/sketch.ino.cpp.o
                0x0000000000002010                void BridgeClass::notify<unsigned char&, unsigned char&>(arduino::String, unsigned char&, unsigned char&)
 .text._ZN11BridgeClass6notifyIJfffEEEvN7arduino6StringEDpOT_
                0x00000000000020d0       0xc0 /home/arduino/ArduinoApps/MarineSentinel_v1/firmware/.cache/sketch/sketch/sketch.ino.cpp.o
                0x00000000000020d0                void BridgeClass::notify<float, float, float>(arduino::String, float&&, float&&, float&&)
 .text._ZN11BridgeClass6notifyIJiEEEvN7arduino6StringEDpOT_
                0x0000000000002190       0xa8 /home/arduino/ArduinoApps/MarineSentinel_v1/firmware/.cache/sketch/sketch/sketch.ino.cpp.o
                0x0000000000002190                void BridgeClass::notify<int>(arduino::String, int&&)
 .text._ZNK9RPCServer13send_responseILj256EEEbRK10RPCRequestIXT_EE.isra.0
                0x0000000000002238       0x24 /home/arduino/ArduinoApps/MarineSentinel_v1/firmware/.cache/sketch/sketch/sketch.ino.cpp.o
 .text._ZN7RpcCallIJRKN7arduino6StringEEE8setErrorEiS1_
                0x000000000000225c       0x40 /home/arduino/ArduinoApps/MarineSentinel_v1/firmware/.cache/sketch/sketch/sketch.ino.cpp.o
                0x000000000000225c                RpcCall<arduino::String const&>::setError(int, arduino::String)
 .text._ZN7RpcCallIJRKN7arduino6StringEEE7isErrorEv
                0x000000000000229c       0x34 /home/arduino/ArduinoApps/MarineSentinel_v1/firmware/.cache/sketch/sketch/sketch.ino.cpp.o
                0x000000000000229c                RpcCall<arduino::String const&>::isError()
 .text._ZN10RpcDecoderILj1024EE7consumeEjj
                0x00000000000022d0       0x50 /home/arduino/ArduinoApps/MarineSentinel_v1/firmware/.cache/sketch/sketch/sketch.ino.cpp.o
                0x00000000000022d0                RpcDecoder<1024u>::consume(unsigned int, unsigned int)
 .text._ZN10RpcDecoderILj1024EE7discardEv
                0x0000000000002320       0x2c /home/arduino/ArduinoApps/MarineSentinel_v1/firmware/.cache/sketch/sketch/sketch.ino.cpp.o
                0x0000000000002320                RpcDecoder<1024u>::discard()
 .text._ZN7arduino7msgpack8Unpacker11deserializeI8RpcErrorJRNS0_6object5nil_tEEEEbRT_DpOT0_
                0x000000000000234c       0x90 /home/arduino/ArduinoApps/MarineSentinel_v1/firmware/.cache/sketch/sketch/sketch.ino.cpp.o
                0x000000000000234c                bool arduino::msgpack::Unpacker::deserialize<RpcError, arduino::msgpack::object::nil_t&>(RpcError&, arduino::msgpack::object::nil_t&)
 .text._Z4wrapIRFvbESt8functionIS0_EEP18RpcFunctionWrapperIT0_EOT_
                0x00000000000023dc       0x6c /home/arduino/ArduinoApps/MarineSentinel_v1/firmware/.cache/sketch/sketch/sketch.ino.cpp.o
                0x00000000000023dc                RpcFunctionWrapper<std::function<void (bool)> >* wrap<void (&)(bool), std::function<void (bool)> >(void (&)(bool))
 .text._ZN7arduino7msgpack8Unpacker10unpackUIntIjEENSt9enable_ifIXaaaaaaaasrSt13is_arithmeticIT_E5valuesrSt11is_integralIS5_E5valuentsrSt7is_sameIS5_bE5valuentsrS9_INSt9remove_cvIS5_E4typeEPcE5valuentsrSt9is_signedIS5_E5valueES5_E4typeEv
                0x0000000000002448       0x80 /home/arduino/ArduinoApps/MarineSentinel_v1/firmware/.cache/sketch/sketch/sketch.ino.cpp.o
                0x0000000000002448                std::enable_if<(((std::is_arithmetic<unsigned int>::value&&std::is_integral<unsigned int>::value)&&(!std::is_same<unsigned int, bool>::value))&&(!std::is_same<std::remove_cv<unsigned int>::type, char*>::value))&&(!std::is_signed<unsigned int>::value), unsigned int>::type arduino::msgpack::Unpacker::unpackUInt<unsigned int>()
 .text._ZN7arduino7msgpack8Unpacker11deserializeIjJRNS_6StringEEEEbRT_DpOT0_
                0x00000000000024c8       0x44 /home/arduino/ArduinoApps/MarineSentinel_v1/firmware/.cache/sketch/sketch/sketch.ino.cpp.o
                0x00000000000024c8                bool arduino::msgpack::Unpacker::deserialize<unsigned int, arduino::String&>(unsigned int&, arduino::String&)
 .text._ZN10RpcDecoderILj1024EE16fetch_rpc_methodEv
                0x000000000000250c       0xe8 /home/arduino/ArduinoApps/MarineSentinel_v1/firmware/.cache/sketch/sketch/sketch.ino.cpp.o
                0x000000000000250c                RpcDecoder<1024u>::fetch_rpc_method()
 .text._ZN10RPCRequestILj256EE22unpack_request_headersEv
                0x00000000000025f4       0xb8 /home/arduino/ArduinoApps/MarineSentinel_v1/firmware/.cache/sketch/sketch/sketch.ino.cpp.o
                0x00000000000025f4                RPCRequest<256u>::unpack_request_headers()
 .text._ZN9RPCServer15process_requestILj256EEEvR10RPCRequestIXT_EE
                0x00000000000026ac      0x114 /home/arduino/ArduinoApps/MarineSentinel_v1/firmware/.cache/sketch/sketch/sketch.ino.cpp.o
                0x00000000000026ac                void RPCServer::process_request<256u>(RPCRequest<256u>&)
 .text._ZN7arduino7msgpack8Unpacker11deserializeINS0_4type9ArraySizeEJRiRjEEEbRT_DpOT0_
                0x00000000000027c0       0xa0 /home/arduino/ArduinoApps/MarineSentinel_v1/firmware/.cache/sketch/sketch/sketch.ino.cpp.o
                0x00000000000027c0                bool arduino::msgpack::Unpacker::deserialize<arduino::msgpack::type::ArraySize, int&, unsigned int&>(arduino::msgpack::type::ArraySize&, int&, unsigned int&)
 .text._ZN10RpcDecoderILj1024EE12get_responseIbEEbjRT_R8RpcError
                0x0000000000002860      0x17c /home/arduino/ArduinoApps/MarineSentinel_v1/firmware/.cache/sketch/sketch/sketch.ino.cpp.o
                0x0000000000002860                bool RpcDecoder<1024u>::get_response<bool>(unsigned int, bool&, RpcError&)
 .text._ZN10RpcDecoderILj1024EE12get_responseIN7arduino6StringEEEbjRT_R8RpcError
                0x00000000000029dc      0x17c /home/arduino/ArduinoApps/MarineSentinel_v1/firmware/.cache/sketch/sketch/sketch.ino.cpp.o
                0x00000000000029dc                bool RpcDecoder<1024u>::get_response<arduino::String>(unsigned int, arduino::String&, RpcError&)
 .text._ZN10RpcDecoderILj1024EE12get_responseIN7arduino7msgpack6object5nil_tEEEbjRT_R8RpcError
                0x0000000000002b58      0x17c /home/arduino/ArduinoApps/MarineSentinel_v1/firmware/.cache/sketch/sketch/sketch.ino.cpp.o
                0x0000000000002b58                bool RpcDecoder<1024u>::get_response<arduino::msgpack::object::nil_t>(unsigned int, arduino::msgpack::object::nil_t&, RpcError&)
 .text._ZNSt11__copy_moveILb0ELb1ESt26random_access_iterator_tagE8__copy_mIhEEPT_PKS3_S6_S4_
                0x0000000000002cd4       0x1c /home/arduino/ArduinoApps/MarineSentinel_v1/firmware/.cache/sketch/sketch/sketch.ino.cpp.o
                0x0000000000002cd4                unsigned char* std::__copy_move<false, true, std::random_access_iterator_tag>::__copy_m<unsigned char>(unsigned char const*, unsigned char const*, unsigned char*)
 .text._ZN7arduino7msgpack6Packer9packFloatIdEENSt9enable_ifIXaasrSt13is_arithmeticIT_E5valuesrSt17is_floating_pointIS5_E5valueEvE4typeERKS5_
                0x0000000000002cf0       0x34 /home/arduino/ArduinoApps/MarineSentinel_v1/firmware/.cache/sketch/sketch/sketch.ino.cpp.o
                0x0000000000002cf0                std::enable_if<std::is_arithmetic<double>::value&&std::is_floating_point<double>::value, void>::type arduino::msgpack::Packer::packFloat<double>(double const&)
 .text._ZN11BridgeClass6notifyIJRbddddiEEEvN7arduino6StringEDpOT_
                0x0000000000002d24       0xf4 /home/arduino/ArduinoApps/MarineSentinel_v1/firmware/.cache/sketch/sketch/sketch.ino.cpp.o
                0x0000000000002d24                void BridgeClass::notify<bool&, double, double, double, double, int>(arduino::String, bool&, double&&, double&&, double&&, double&&, int&&)
 .text._ZNSt11__copy_moveILb1ELb1ESt26random_access_iterator_tagE8__copy_mIhEEPT_PKS3_S6_S4_
                0x0000000000002e18       0x1c /home/arduino/ArduinoApps/MarineSentinel_v1/firmware/.cache/sketch/sketch/sketch.ino.cpp.o
                0x0000000000002e18                unsigned char* std::__copy_move<true, true, std::random_access_iterator_tag>::__copy_m<unsigned char>(unsigned char const*, unsigned char const*, unsigned char*)
 .text._ZN7arduino7msgpack6object3extC2EaPKhj
                0x0000000000002e34      0x104 /home/arduino/ArduinoApps/MarineSentinel_v1/firmware/.cache/sketch/sketch/sketch.ino.cpp.o
                0x0000000000002e34                arduino::msgpack::object::ext::ext(signed char, unsigned char const*, unsigned int)
                0x0000000000002e34                arduino::msgpack::object::ext::ext(signed char, unsigned char const*, unsigned int)
 .text._ZN7arduino7msgpack8Unpacker9unpackExtEv
                0x0000000000002f38      0x178 /home/arduino/ArduinoApps/MarineSentinel_v1/firmware/.cache/sketch/sketch/sketch.ino.cpp.o
                0x0000000000002f38                arduino::msgpack::Unpacker::unpackExt()
 .text._ZN8RpcUtils6detail12unpackObjectERN7arduino7msgpack8UnpackerE
                0x00000000000030b0      0x29c /home/arduino/ArduinoApps/MarineSentinel_v1/firmware/.cache/sketch/sketch/sketch.ino.cpp.o
                0x00000000000030b0                RpcUtils::detail::unpackObject(arduino::msgpack::Unpacker&)
 .text._ZN10RpcDecoderILj1024EE12parse_packetEv
                0x000000000000334c      0x13c /home/arduino/ArduinoApps/MarineSentinel_v1/firmware/.cache/sketch/sketch/sketch.ino.cpp.o
                0x000000000000334c                RpcDecoder<1024u>::parse_packet()
 .text._ZN10RpcDecoderILj1024EE6decodeEv
                0x0000000000003488       0x40 /home/arduino/ArduinoApps/MarineSentinel_v1/firmware/.cache/sketch/sketch/sketch.ino.cpp.o
                0x0000000000003488                RpcDecoder<1024u>::decode()
 .text._ZN9RPCServer7get_rpcILj256EEEbR10RPCRequestIXT_EEN7arduino6StringE
                0x00000000000034c8       0xd0 /home/arduino/ArduinoApps/MarineSentinel_v1/firmware/.cache/sketch/sketch/sketch.ino.cpp.o
                0x00000000000034c8                bool RPCServer::get_rpc<256u>(RPCRequest<256u>&, arduino::String)
 .text._ZN11BridgeClass11update_safeEv
                0x0000000000003598       0xb0 /home/arduino/ArduinoApps/MarineSentinel_v1/firmware/.cache/sketch/sketch/sketch.ino.cpp.o
                0x0000000000003598                BridgeClass::update_safe()
 .text._Z10__loopHookv
                0x0000000000003648       0x28 /home/arduino/ArduinoApps/MarineSentinel_v1/firmware/.cache/sketch/sketch/sketch.ino.cpp.o
                0x0000000000003648                __loopHook()
 .text._ZN11BridgeClass6updateEv
                0x0000000000003670       0xb0 /home/arduino/ArduinoApps/MarineSentinel_v1/firmware/.cache/sketch/sketch/sketch.ino.cpp.o
                0x0000000000003670                BridgeClass::update()
 .text._Z16updateEntryPointPvS_S_
                0x0000000000003720       0x28 /home/arduino/ArduinoApps/MarineSentinel_v1/firmware/.cache/sketch/sketch/sketch.ino.cpp.o
                0x0000000000003720                updateEntryPoint(void*, void*, void*)
 .text._ZN9RPCClient12get_responseIbEEbjRT_R8RpcError
                0x0000000000003748       0x40 /home/arduino/ArduinoApps/MarineSentinel_v1/firmware/.cache/sketch/sketch/sketch.ino.cpp.o
                0x0000000000003748                bool RPCClient::get_response<bool>(unsigned int, bool&, RpcError&)
 .text._ZN7RpcCallIJEE6resultIbEEbRT_
                0x0000000000003788       0xf4 /home/arduino/ArduinoApps/MarineSentinel_v1/firmware/.cache/sketch/sketch/sketch.ino.cpp.o
                0x0000000000003788                bool RpcCall<>::result<bool>(bool&)
 .text._ZN7RpcCallIJRKN7arduino6StringEEE6resultIbEEbRT_
                0x000000000000387c      0x118 /home/arduino/ArduinoApps/MarineSentinel_v1/firmware/.cache/sketch/sketch/sketch.ino.cpp.o
                0x000000000000387c                bool RpcCall<arduino::String const&>::result<bool>(bool&)
 .text._ZN9RPCClient12get_responseIN7arduino7msgpack6object5nil_tEEEbjRT_R8RpcError
                0x0000000000003994       0x40 /home/arduino/ArduinoApps/MarineSentinel_v1/firmware/.cache/sketch/sketch/sketch.ino.cpp.o
                0x0000000000003994                bool RPCClient::get_response<arduino::msgpack::object::nil_t>(unsigned int, arduino::msgpack::object::nil_t&, RpcError&)
 .text._ZN7RpcCallIJEED2Ev
                0x00000000000039d4       0xfc /home/arduino/ArduinoApps/MarineSentinel_v1/firmware/.cache/sketch/sketch/sketch.ino.cpp.o
                0x00000000000039d4                RpcCall<>::~RpcCall()
                0x00000000000039d4                RpcCall<>::~RpcCall()
 .text._ZN11BridgeClass5beginEm
                0x0000000000003ad0      0x1f0 /home/arduino/ArduinoApps/MarineSentinel_v1/firmware/.cache/sketch/sketch/sketch.ino.cpp.o
                0x0000000000003ad0                BridgeClass::begin(unsigned long)
 .text._ZN7RpcCallIJEE6resultIN7arduino6StringEEEbRT_
                0x0000000000003cc0      0x114 /home/arduino/ArduinoApps/MarineSentinel_v1/firmware/.cache/sketch/sketch/sketch.ino.cpp.o
                0x0000000000003cc0                bool RpcCall<>::result<arduino::String>(arduino::String&)
 .text._ZN8RpcUtils6detail9unpackMapERN7arduino7msgpack8UnpackerERj
                0x0000000000003dd4       0x80 /home/arduino/ArduinoApps/MarineSentinel_v1/firmware/.cache/sketch/sketch/sketch.ino.cpp.o
                0x0000000000003dd4                RpcUtils::detail::unpackMap(arduino::msgpack::Unpacker&, unsigned int&)
 .text._GLOBAL__sub_I_oneWire
                0x0000000000003e54       0x80 /home/arduino/ArduinoApps/MarineSentinel_v1/firmware/.cache/sketch/sketch/sketch.ino.cpp.o
 .text._GLOBAL__sub_D_oneWire
                0x0000000000003ed4       0x20 /home/arduino/ArduinoApps/MarineSentinel_v1/firmware/.cache/sketch/sketch/sketch.ino.cpp.o
 .text._Z10scanI2CBusv
                0x0000000000003ef4       0x30 /home/arduino/ArduinoApps/MarineSentinel_v1/firmware/.cache/sketch/sketch/sketch.ino.cpp.o
                0x0000000000003ef4                scanI2CBus()
 *fill*         0x0000000000003f24        0x4 
 .text.loop     0x0000000000003f28      0x2cc /home/arduino/ArduinoApps/MarineSentinel_v1/firmware/.cache/sketch/sketch/sketch.ino.cpp.o
                0x0000000000003f28                loop
 .text.setup    0x00000000000041f4      0x4cc /home/arduino/ArduinoApps/MarineSentinel_v1/firmware/.cache/sketch/sketch/sketch.ino.cpp.o
                0x00000000000041f4                setup
 .text._ZN7arduino5Print17availableForWriteEv
                0x00000000000046c0        0x4 /home/arduino/ArduinoApps/MarineSentinel_v1/firmware/.cache/sketch/libraries/Wire/Wire.cpp.o
                0x00000000000046c0                arduino::Print::availableForWrite()
 .text._ZN7arduino9ZephyrI2C5writeEi
                0x00000000000046c4        0x8 /home/arduino/ArduinoApps/MarineSentinel_v1/firmware/.cache/sketch/libraries/Wire/Wire.cpp.o
                0x00000000000046c4                arduino::ZephyrI2C::write(int)
 .text._ZN7arduino9ZephyrI2C15endTransmissionEv
                0x00000000000046cc        0x8 /home/arduino/ArduinoApps/MarineSentinel_v1/firmware/.cache/sketch/libraries/Wire/Wire.cpp.o
                0x00000000000046cc                arduino::ZephyrI2C::endTransmission()
 .text._ZN7arduino9ZephyrI2C11requestFromEhj
                0x00000000000046d4       0x10 /home/arduino/ArduinoApps/MarineSentinel_v1/firmware/.cache/sketch/libraries/Wire/Wire.cpp.o
                0x00000000000046d4                arduino::ZephyrI2C::requestFrom(unsigned char, unsigned int)
 .text._ZN7arduino9ZephyrI2C9availableEv
                0x00000000000046e4        0xe /home/arduino/ArduinoApps/MarineSentinel_v1/firmware/.cache/sketch/libraries/Wire/Wire.cpp.o
                0x00000000000046e4                arduino::ZephyrI2C::available()
 .text._ZN7arduino9ZephyrI2C5flushEv
                0x00000000000046f2        0x2 /home/arduino/ArduinoApps/MarineSentinel_v1/firmware/.cache/sketch/libraries/Wire/Wire.cpp.o
                0x00000000000046f2                arduino::ZephyrI2C::flush()
 .text._ZN7arduino9ZephyrI2C9onReceiveEPFviE
                0x00000000000046f4        0x6 /home/arduino/ArduinoApps/MarineSentinel_v1/firmware/.cache/sketch/libraries/Wire/Wire.cpp.o
                0x00000000000046f4                arduino::ZephyrI2C::onReceive(void (*)(int))
 .text._ZN7arduino9ZephyrI2C9onRequestEPFvvE
                0x00000000000046fa        0x6 /home/arduino/ArduinoApps/MarineSentinel_v1/firmware/.cache/sketch/libraries/Wire/Wire.cpp.o
                0x00000000000046fa                arduino::ZephyrI2C::onRequest(void (*)())
 .text._ZN7arduino9ZephyrI2C5beginEv
                0x0000000000004700        0xc /home/arduino/ArduinoApps/MarineSentinel_v1/firmware/.cache/sketch/libraries/Wire/Wire.cpp.o
                0x0000000000004700                arduino::ZephyrI2C::begin()
 .text._ZN7arduino9ZephyrI2C5writeEh
                0x000000000000470c       0x1c /home/arduino/ArduinoApps/MarineSentinel_v1/firmware/.cache/sketch/libraries/Wire/Wire.cpp.o
                0x000000000000470c                arduino::ZephyrI2C::write(unsigned char)
 .text._ZN7arduino9ZephyrI2C5writeEPKhj
                0x0000000000004728        0xc /home/arduino/ArduinoApps/MarineSentinel_v1/firmware/.cache/sketch/libraries/Wire/Wire.cpp.o
                0x0000000000004728                arduino::ZephyrI2C::write(unsigned char const*, unsigned int)
 .text._ZN7arduino9ZephyrI2C4readEv
                0x0000000000004734       0x28 /home/arduino/ArduinoApps/MarineSentinel_v1/firmware/.cache/sketch/libraries/Wire/Wire.cpp.o
                0x0000000000004734                arduino::ZephyrI2C::read()
 .text._ZL28i2c_target_read_processed_cbP17i2c_target_configPh
                0x000000000000475c       0x18 /home/arduino/ArduinoApps/MarineSentinel_v1/firmware/.cache/sketch/libraries/Wire/Wire.cpp.o
 .text._ZN7arduino9ZephyrI2C4peekEv
                0x0000000000004774       0x28 /home/arduino/ArduinoApps/MarineSentinel_v1/firmware/.cache/sketch/libraries/Wire/Wire.cpp.o
                0x0000000000004774                arduino::ZephyrI2C::peek()
 .text._ZN7arduino9ZephyrI2C5beginEh
                0x000000000000479c       0x2c /home/arduino/ArduinoApps/MarineSentinel_v1/firmware/.cache/sketch/libraries/Wire/Wire.cpp.o
                0x000000000000479c                arduino::ZephyrI2C::begin(unsigned char)
 .text._ZN7arduino9ZephyrI2C8setClockEj
                0x00000000000047c8       0x3c /home/arduino/ArduinoApps/MarineSentinel_v1/firmware/.cache/sketch/libraries/Wire/Wire.cpp.o
                0x00000000000047c8                arduino::ZephyrI2C::setClock(unsigned int)
 .text._ZN7arduino9ZephyrI2C11requestFromEhjb
                0x0000000000004804       0x88 /home/arduino/ArduinoApps/MarineSentinel_v1/firmware/.cache/sketch/libraries/Wire/Wire.cpp.o
                0x0000000000004804                arduino::ZephyrI2C::requestFrom(unsigned char, unsigned int, bool)
 .text._ZN7arduino9ZephyrI2C3endEv
                0x000000000000488c       0x34 /home/arduino/ArduinoApps/MarineSentinel_v1/firmware/.cache/sketch/libraries/Wire/Wire.cpp.o
                0x000000000000488c                arduino::ZephyrI2C::end()
 .text._ZN7arduino9ZephyrI2C15endTransmissionEb
                0x00000000000048c0       0x74 /home/arduino/ArduinoApps/MarineSentinel_v1/firmware/.cache/sketch/libraries/Wire/Wire.cpp.o
                0x00000000000048c0                arduino::ZephyrI2C::endTransmission(bool)
 .text._ZL29i2c_target_write_requested_cbP17i2c_target_config
                0x0000000000004934        0xe /home/arduino/ArduinoApps/MarineSentinel_v1/firmware/.cache/sketch/libraries/Wire/Wire.cpp.o
 .text._ZN7arduino9ZephyrI2C17beginTransmissionEh
                0x0000000000004942       0x14 /home/arduino/ArduinoApps/MarineSentinel_v1/firmware/.cache/sketch/libraries/Wire/Wire.cpp.o
                0x0000000000004942                arduino::ZephyrI2C::beginTransmission(unsigned char)
 *fill*         0x0000000000004956        0x2 
 .text._ZN7arduino9ZephyrI2CC2EPK6device
                0x0000000000004958       0x4c /home/arduino/ArduinoApps/MarineSentinel_v1/firmware/.cache/sketch/libraries/Wire/Wire.cpp.o
                0x0000000000004958                arduino::ZephyrI2C::ZephyrI2C(device const*)
                0x0000000000004958                arduino::ZephyrI2C::ZephyrI2C(device const*)
 .text._ZN7arduino9ZephyrI2C21writeReceivedCallbackEP17i2c_target_configh
                0x00000000000049a4       0x44 /home/arduino/ArduinoApps/MarineSentinel_v1/firmware/.cache/sketch/libraries/Wire/Wire.cpp.o
                0x00000000000049a4                arduino::ZephyrI2C::writeReceivedCallback(i2c_target_config*, unsigned char)
 .text._ZL28i2c_target_write_received_cbP17i2c_target_configh
                0x00000000000049e8       0x10 /home/arduino/ArduinoApps/MarineSentinel_v1/firmware/.cache/sketch/libraries/Wire/Wire.cpp.o
 .text._ZN7arduino9ZephyrI2C21readRequestedCallbackEP17i2c_target_configPh
                0x00000000000049f8       0x30 /home/arduino/ArduinoApps/MarineSentinel_v1/firmware/.cache/sketch/libraries/Wire/Wire.cpp.o
                0x00000000000049f8                arduino::ZephyrI2C::readRequestedCallback(i2c_target_config*, unsigned char*)
 .text._ZL28i2c_target_read_requested_cbP17i2c_target_configPh
                0x0000000000004a28       0x10 /home/arduino/ArduinoApps/MarineSentinel_v1/firmware/.cache/sketch/libraries/Wire/Wire.cpp.o
 .text._ZN7arduino9ZephyrI2C12stopCallbackEP17i2c_target_config
                0x0000000000004a38       0x1c /home/arduino/ArduinoApps/MarineSentinel_v1/firmware/.cache/sketch/libraries/Wire/Wire.cpp.o
                0x0000000000004a38                arduino::ZephyrI2C::stopCallback(i2c_target_config*)
 .text._ZL18i2c_target_stop_cbP17i2c_target_config
                0x0000000000004a54        0xc /home/arduino/ArduinoApps/MarineSentinel_v1/firmware/.cache/sketch/libraries/Wire/Wire.cpp.o
 .text._GLOBAL__sub_I__ZN7arduino9ZephyrI2CC2EPK6device
                0x0000000000004a60       0x60 /home/arduino/ArduinoApps/MarineSentinel_v1/firmware/.cache/sketch/libraries/Wire/Wire.cpp.o
 .text._GLOBAL__sub_D__ZN7arduino9ZephyrI2CC2EPK6device
                0x0000000000004ac0       0x20 /home/arduino/ArduinoApps/MarineSentinel_v1/firmware/.cache/sketch/libraries/Wire/Wire.cpp.o
 .text._ZN7arduino5Print5flushEv
                0x0000000000004ae0        0x2 /home/arduino/ArduinoApps/MarineSentinel_v1/firmware/.cache/sketch/libraries/Arduino_RouterBridge/singletons.cpp.o
                0x0000000000004ae0                arduino::Print::flush()
 .text._ZN13BridgeMonitorILj512EE5writeEh
                0x0000000000004ae2       0x18 /home/arduino/ArduinoApps/MarineSentinel_v1/firmware/.cache/sketch/libraries/Arduino_RouterBridge/singletons.cpp.o
                0x0000000000004ae2                BridgeMonitor<512u>::write(unsigned char)
 *fill*         0x0000000000004afa        0x2 
 .text.k_yield  0x0000000000004afc        0x8 /home/arduino/ArduinoApps/MarineSentinel_v1/firmware/.cache/sketch/libraries/Arduino_RouterBridge/singletons.cpp.o
 .text.k_mutex_lock
                0x0000000000004b04        0x8 /home/arduino/ArduinoApps/MarineSentinel_v1/firmware/.cache/sketch/libraries/Arduino_RouterBridge/singletons.cpp.o
 .text._ZSt14__relocate_a_1IhhENSt9enable_ifIXsrSt24__is_bitwise_relocatableIT_vE5valueEPS2_E4typeES4_S4_S4_RSaIT0_E.isra.0
                0x0000000000004b0c       0x20 /home/arduino/ArduinoApps/MarineSentinel_v1/firmware/.cache/sketch/libraries/Arduino_RouterBridge/singletons.cpp.o
 .text._ZNSt12_Vector_baseIhSaIhEE11_M_allocateEj.isra.0
                0x0000000000004b2c       0x20 /home/arduino/ArduinoApps/MarineSentinel_v1/firmware/.cache/sketch/libraries/Arduino_RouterBridge/singletons.cpp.o
 .text.k_mutex_unlock.isra.0
                0x0000000000004b4c        0x8 /home/arduino/ArduinoApps/MarineSentinel_v1/firmware/.cache/sketch/libraries/Arduino_RouterBridge/singletons.cpp.o
 .text._ZN7RpcCallIJEE7isErrorEv.isra.0
                0x0000000000004b54       0x28 /home/arduino/ArduinoApps/MarineSentinel_v1/firmware/.cache/sketch/libraries/Arduino_RouterBridge/singletons.cpp.o
 .text._ZN7RpcCallIJRN7arduino6StringEEE7isErrorEv.isra.0
                0x0000000000004b7c       0x28 /home/arduino/ArduinoApps/MarineSentinel_v1/firmware/.cache/sketch/libraries/Arduino_RouterBridge/singletons.cpp.o
 .text._ZN13BridgeMonitorILj512EE4readEv
                0x0000000000004ba4       0x68 /home/arduino/ArduinoApps/MarineSentinel_v1/firmware/.cache/sketch/libraries/Arduino_RouterBridge/singletons.cpp.o
                0x0000000000004ba4                BridgeMonitor<512u>::read()
 .text._ZN13BridgeMonitorILj512EE4peekEv
                0x0000000000004c0c       0x44 /home/arduino/ArduinoApps/MarineSentinel_v1/firmware/.cache/sketch/libraries/Arduino_RouterBridge/singletons.cpp.o
                0x0000000000004c0c                BridgeMonitor<512u>::peek()
 .text.k_msleep.constprop.0.isra.0
                0x0000000000004c50        0xc /home/arduino/ArduinoApps/MarineSentinel_v1/firmware/.cache/sketch/libraries/Arduino_RouterBridge/singletons.cpp.o
 .text._ZNSt6vectorIhSaIhEE14_M_move_assignEOS1_St17integral_constantIbLb1EE.isra.0
                0x0000000000004c5c       0x34 /home/arduino/ArduinoApps/MarineSentinel_v1/firmware/.cache/sketch/libraries/Arduino_RouterBridge/singletons.cpp.o
 .text._ZNSt6vectorIhSaIhEE12emplace_backIJRKhEEERhDpOT_.isra.0
                0x0000000000004c90       0x90 /home/arduino/ArduinoApps/MarineSentinel_v1/firmware/.cache/sketch/libraries/Arduino_RouterBridge/singletons.cpp.o
 .text._ZNSt6vectorIhSaIhEE12emplace_backIJhEEERhDpOT_.isra.0
                0x0000000000004d20       0x90 /home/arduino/ArduinoApps/MarineSentinel_v1/firmware/.cache/sketch/libraries/Arduino_RouterBridge/singletons.cpp.o
 .text._ZN7arduino7msgpack8Unpacker11deserializeISt6vectorIhSaIhEEJEEEbRT_DpOT0_
                0x0000000000004db0      0x13c /home/arduino/ArduinoApps/MarineSentinel_v1/firmware/.cache/sketch/libraries/Arduino_RouterBridge/singletons.cpp.o
                0x0000000000004db0                bool arduino::msgpack::Unpacker::deserialize<std::vector<unsigned char, std::allocator<unsigned char> >>(std::vector<unsigned char, std::allocator<unsigned char> >&)
 .text._ZN7arduino7msgpack6Packer11packRawByteERKNS0_4TypeE.isra.0
                0x0000000000004eec       0x18 /home/arduino/ArduinoApps/MarineSentinel_v1/firmware/.cache/sketch/libraries/Arduino_RouterBridge/singletons.cpp.o
 .text._ZNSt6vectorIhSaIhEE12emplace_backIJRhEEES3_DpOT_.isra.0
                0x0000000000004f04       0x90 /home/arduino/ArduinoApps/MarineSentinel_v1/firmware/.cache/sketch/libraries/Arduino_RouterBridge/singletons.cpp.o
 .text._ZN7arduino7msgpack6Packer11packIntegerIjEENSt9enable_ifIXaaaaaasrSt13is_arithmeticIT_E5valuesrSt11is_integralIS5_E5valuentsrSt7is_sameIS5_bE5valuentsrS9_INSt9remove_cvIS5_E4typeEPcE5valueEvE4typeERKS5_.isra.0
                0x0000000000004f94       0x50 /home/arduino/ArduinoApps/MarineSentinel_v1/firmware/.cache/sketch/libraries/Arduino_RouterBridge/singletons.cpp.o
 .text._ZN7arduino7msgpack6Packer11packIntegerIiEENSt9enable_ifIXaaaaaasrSt13is_arithmeticIT_E5valuesrSt11is_integralIS5_E5valuentsrSt7is_sameIS5_bE5valuentsrS9_INSt9remove_cvIS5_E4typeEPcE5valueEvE4typeERKS5_.isra.0
                0x0000000000004fe4       0xb8 /home/arduino/ArduinoApps/MarineSentinel_v1/firmware/.cache/sketch/libraries/Arduino_RouterBridge/singletons.cpp.o
 .text._ZN7arduino7msgpack6Packer9serializeIJRKiRjRKNS_6StringEEEEvRKNS0_4type9ArraySizeEDpOT_.isra.0
                0x000000000000509c       0x38 /home/arduino/ArduinoApps/MarineSentinel_v1/firmware/.cache/sketch/libraries/Arduino_RouterBridge/singletons.cpp.o
 .text._ZN9RPCClient8send_rpcIJEEEbRKN7arduino6StringERjDpOT_.isra.0
                0x00000000000050d4       0x74 /home/arduino/ArduinoApps/MarineSentinel_v1/firmware/.cache/sketch/libraries/Arduino_RouterBridge/singletons.cpp.o
 .text._ZN9RPCClient8send_rpcIJRKN7arduino6StringEEEEbS4_RjDpOT_.isra.0
                0x0000000000005148       0x84 /home/arduino/ArduinoApps/MarineSentinel_v1/firmware/.cache/sketch/libraries/Arduino_RouterBridge/singletons.cpp.o
 .text._ZN9RPCClient8send_rpcIJRKjEEEbRKN7arduino6StringERjDpOT_.isra.0
                0x00000000000051cc       0x84 /home/arduino/ArduinoApps/MarineSentinel_v1/firmware/.cache/sketch/libraries/Arduino_RouterBridge/singletons.cpp.o
 .text._ZN7arduino7msgpack8Unpacker11deserializeIjJEEEbRT_DpOT0_
                0x0000000000005250       0x40 /home/arduino/ArduinoApps/MarineSentinel_v1/firmware/.cache/sketch/libraries/Arduino_RouterBridge/singletons.cpp.o
                0x0000000000005250                bool arduino::msgpack::Unpacker::deserialize<unsigned int>(unsigned int&)
 .text._ZN13BridgeMonitorILj512EEcvbEv
                0x0000000000005290      0x28c /home/arduino/ArduinoApps/MarineSentinel_v1/firmware/.cache/sketch/libraries/Arduino_RouterBridge/singletons.cpp.o
                0x0000000000005290                BridgeMonitor<512u>::operator bool()
 .text._ZN11BridgeClass6notifyIJRN7arduino6StringEEEEvS2_DpOT_
                0x000000000000551c       0xac /home/arduino/ArduinoApps/MarineSentinel_v1/firmware/.cache/sketch/libraries/Arduino_RouterBridge/singletons.cpp.o
                0x000000000000551c                void BridgeClass::notify<arduino::String&>(arduino::String, arduino::String&)
 .text._ZN7RpcCallIJRN7arduino6StringEEE8setErrorEiS1_
                0x00000000000055c8       0x40 /home/arduino/ArduinoApps/MarineSentinel_v1/firmware/.cache/sketch/libraries/Arduino_RouterBridge/singletons.cpp.o
                0x00000000000055c8                RpcCall<arduino::String&>::setError(int, arduino::String)
 .text._ZN7RpcCallIJRN7arduino6StringEEED2Ev
                0x0000000000005608      0x118 /home/arduino/ArduinoApps/MarineSentinel_v1/firmware/.cache/sketch/libraries/Arduino_RouterBridge/singletons.cpp.o
                0x0000000000005608                RpcCall<arduino::String&>::~RpcCall()
                0x0000000000005608                RpcCall<arduino::String&>::~RpcCall()
 .text._ZN10RpcDecoderILj1024EE12get_responseIjEEbjRT_R8RpcError
                0x0000000000005720      0x17c /home/arduino/ArduinoApps/MarineSentinel_v1/firmware/.cache/sketch/libraries/Arduino_RouterBridge/singletons.cpp.o
                0x0000000000005720                bool RpcDecoder<1024u>::get_response<unsigned int>(unsigned int, unsigned int&, RpcError&)
 .text._ZN13BridgeMonitorILj512EE5writeEPKhj
                0x000000000000589c      0x1fc /home/arduino/ArduinoApps/MarineSentinel_v1/firmware/.cache/sketch/libraries/Arduino_RouterBridge/singletons.cpp.o
                0x000000000000589c                BridgeMonitor<512u>::write(unsigned char const*, unsigned int)
 .text._ZN7RpcCallIJRjEE8setErrorEiN7arduino6StringE
                0x0000000000005a98       0x40 /home/arduino/ArduinoApps/MarineSentinel_v1/firmware/.cache/sketch/libraries/Arduino_RouterBridge/singletons.cpp.o
                0x0000000000005a98                RpcCall<unsigned int&>::setError(int, arduino::String)
 .text._ZN7RpcCallIJRjEE7isErrorEv
                0x0000000000005ad8       0x34 /home/arduino/ArduinoApps/MarineSentinel_v1/firmware/.cache/sketch/libraries/Arduino_RouterBridge/singletons.cpp.o
                0x0000000000005ad8                RpcCall<unsigned int&>::isError()
 .text._ZN7RpcCallIJRjEED2Ev
                0x0000000000005b0c      0x118 /home/arduino/ArduinoApps/MarineSentinel_v1/firmware/.cache/sketch/libraries/Arduino_RouterBridge/singletons.cpp.o
                0x0000000000005b0c                RpcCall<unsigned int&>::~RpcCall()